Component: ARM Compiler 5.06 update 7 (build 960) Tool: armlink [4d3601]

==============================================================================

Section Cross References

    startup_stm32f103xe.o(RESET) refers to startup_stm32f103xe.o(STACK) for __initial_sp
    startup_stm32f103xe.o(RESET) refers to startup_stm32f103xe.o(.text) for Reset_Handler
    startup_stm32f103xe.o(RESET) refers to stm32f1xx_it.o(i.NMI_Handler) for NMI_Handler
    startup_stm32f103xe.o(RESET) refers to stm32f1xx_it.o(i.HardFault_Handler) for HardFault_Handler
    startup_stm32f103xe.o(RESET) refers to stm32f1xx_it.o(i.MemManage_Handler) for MemManage_Handler
    startup_stm32f103xe.o(RESET) refers to stm32f1xx_it.o(i.BusFault_Handler) for BusFault_Handler
    startup_stm32f103xe.o(RESET) refers to stm32f1xx_it.o(i.UsageFault_Handler) for UsageFault_Handler
    startup_stm32f103xe.o(RESET) refers to stm32f1xx_it.o(i.SVC_Handler) for SVC_Handler
    startup_stm32f103xe.o(RESET) refers to stm32f1xx_it.o(i.DebugMon_Handler) for DebugMon_Handler
    startup_stm32f103xe.o(RESET) refers to stm32f1xx_it.o(i.PendSV_Handler) for PendSV_Handler
    startup_stm32f103xe.o(RESET) refers to stm32f1xx_it.o(i.SysTick_Handler) for SysTick_Handler
    startup_stm32f103xe.o(RESET) refers to stm32f1xx_it.o(i.DMA1_Channel2_IRQHandler) for DMA1_Channel2_IRQHandler
    startup_stm32f103xe.o(RESET) refers to stm32f1xx_it.o(i.DMA1_Channel3_IRQHandler) for DMA1_Channel3_IRQHandler
    startup_stm32f103xe.o(RESET) refers to stm32f1xx_it.o(i.DMA1_Channel4_IRQHandler) for DMA1_Channel4_IRQHandler
    startup_stm32f103xe.o(RESET) refers to stm32f1xx_it.o(i.DMA1_Channel5_IRQHandler) for DMA1_Channel5_IRQHandler
    startup_stm32f103xe.o(RESET) refers to stm32f1xx_it.o(i.SPI1_IRQHandler) for SPI1_IRQHandler
    startup_stm32f103xe.o(RESET) refers to stm32f1xx_it.o(i.USART1_IRQHandler) for USART1_IRQHandler
    startup_stm32f103xe.o(.text) refers to system_stm32f1xx.o(i.SystemInit) for SystemInit
    startup_stm32f103xe.o(.text) refers to entry.o(.ARM.Collect$$$$00000000) for __main
    main.o(i.HAL_UART_RxCpltCallback) refers to u8g2_bitmap.o(i.u8g2_DrawXBM) for u8g2_DrawXBM
    main.o(i.HAL_UART_RxCpltCallback) refers to u8g2_buffer.o(i.u8g2_NextPage) for u8g2_NextPage
    main.o(i.HAL_UART_RxCpltCallback) refers to stm32f1xx_hal_gpio.o(i.HAL_GPIO_TogglePin) for HAL_GPIO_TogglePin
    main.o(i.HAL_UART_RxCpltCallback) refers to stm32f1xx_hal_uart.o(i.HAL_UART_Receive_IT) for HAL_UART_Receive_IT
    main.o(i.HAL_UART_RxCpltCallback) refers to printf6.o(i.__0sprintf$6) for __2sprintf
    main.o(i.HAL_UART_RxCpltCallback) refers to stm32f1xx_hal_uart.o(i.HAL_UART_Transmit_IT) for HAL_UART_Transmit_IT
    main.o(i.HAL_UART_RxCpltCallback) refers to main.o(.bss) for .bss
    main.o(i.HAL_UART_RxCpltCallback) refers to usart.o(.bss) for huart1
    main.o(i.SystemClock_Config) refers to memseta.o(.text) for __aeabi_memclr4
    main.o(i.SystemClock_Config) refers to stm32f1xx_hal_rcc.o(i.HAL_RCC_OscConfig) for HAL_RCC_OscConfig
    main.o(i.SystemClock_Config) refers to stm32f1xx_hal_rcc.o(i.HAL_RCC_ClockConfig) for HAL_RCC_ClockConfig
    main.o(i.SystemClock_Config) refers to stm32f1xx_hal_rcc.o(i.HAL_RCC_EnableCSS) for HAL_RCC_EnableCSS
    main.o(i.main) refers to stm32f1xx_hal.o(i.HAL_Init) for HAL_Init
    main.o(i.main) refers to main.o(i.SystemClock_Config) for SystemClock_Config
    main.o(i.main) refers to gpio.o(i.MX_GPIO_Init) for MX_GPIO_Init
    main.o(i.main) refers to dma.o(i.MX_DMA_Init) for MX_DMA_Init
    main.o(i.main) refers to spi.o(i.MX_SPI1_Init) for MX_SPI1_Init
    main.o(i.main) refers to usart.o(i.MX_USART1_UART_Init) for MX_USART1_UART_Init
    main.o(i.main) refers to stm32f1xx_hal_uart.o(i.HAL_UART_Receive_IT) for HAL_UART_Receive_IT
    main.o(i.main) refers to u8g2_d_setup.o(i.u8g2_Setup_ssd1306_128x64_noname_f) for u8g2_Setup_ssd1306_128x64_noname_f
    main.o(i.main) refers to u8x8_display.o(i.u8x8_InitDisplay) for u8x8_InitDisplay
    main.o(i.main) refers to u8x8_display.o(i.u8x8_SetPowerSave) for u8x8_SetPowerSave
    main.o(i.main) refers to u8g2_buffer.o(i.u8g2_ClearBuffer) for u8g2_ClearBuffer
    main.o(i.main) refers to main.o(.bss) for .bss
    main.o(i.main) refers to usart.o(.bss) for huart1
    main.o(i.main) refers to main.o(i.u8x8_gpio_and_delay_template) for u8x8_gpio_and_delay_template
    main.o(i.main) refers to main.o(i.u8x8_byte_arduino_hw_spi) for u8x8_byte_arduino_hw_spi
    main.o(i.main) refers to u8g2_setup.o(.constdata) for u8g2_cb_r0
    main.o(i.u8x8_byte_arduino_hw_spi) refers to stm32f1xx_hal_spi.o(i.HAL_SPI_Transmit) for HAL_SPI_Transmit
    main.o(i.u8x8_byte_arduino_hw_spi) refers to u8x8_gpio.o(i.u8x8_gpio_call) for u8x8_gpio_call
    main.o(i.u8x8_byte_arduino_hw_spi) refers to spi.o(.bss) for hspi1
    main.o(i.u8x8_gpio_and_delay_template) refers to stm32f1xx_hal.o(i.HAL_Delay) for HAL_Delay
[...]
    Removing u8x8_fonts.o(.constdata), (14340 bytes).
    Removing u8x8_fonts.o(.constdata), (6084 bytes).
    Removing u8x8_fonts.o(.constdata), (1732 bytes).
    Removing u8x8_fonts.o(.constdata), (32260 bytes).
    Removing u8x8_fonts.o(.constdata), (13684 bytes).
    Removing u8x8_fonts.o(.constdata), (3892 bytes).
    Removing u8x8_fonts.o(.constdata), (24324 bytes).
    Removing u8x8_fonts.o(.constdata), (6916 bytes).
    Removing u8x8_fonts.o(.constdata), (14340 bytes).
    Removing u8x8_fonts.o(.constdata), (6084 bytes).
    Removing u8x8_fonts.o(.constdata), (1732 bytes).
    Removing u8x8_fonts.o(.constdata), (32260 bytes).
    Removing u8x8_fonts.o(.constdata), (13684 bytes).
    Removing u8x8_fonts.o(.constdata), (3892 bytes).
    Removing u8x8_fonts.o(.constdata), (24324 bytes).
    Removing u8x8_fonts.o(.constdata), (6916 bytes).
    Removing u8x8_fonts.o(.constdata), (1796 bytes).
    Removing u8x8_fonts.o(.constdata), (772 bytes).
    Removing u8x8_fonts.o(.constdata), (220 bytes).
    Removing u8x8_fonts.o(.constdata), (516 bytes).
    Removing u8x8_fonts.o(.constdata), (1796 bytes).
    Removing u8x8_fonts.o(.constdata), (772 bytes).
    Removing u8x8_fonts.o(.constdata), (220 bytes).
    Removing u8x8_fonts.o(.constdata), (517 bytes).
    Removing u8x8_fonts.o(.constdata), (1796 bytes).
    Removing u8x8_fonts.o(.constdata), (773 bytes).
    Removing u8x8_fonts.o(.constdata), (220 bytes).
    Removing u8x8_fonts.o(.constdata), (517 bytes).
    Removing u8x8_fonts.o(.constdata), (1796 bytes).
    Removing u8x8_fonts.o(.constdata), (772 bytes).
    Removing u8x8_fonts.o(.constdata), (220 bytes).
    Removing u8x8_fonts.o(.constdata), (517 bytes).
    Removing u8x8_fonts.o(.constdata), (1796 bytes).
    Removing u8x8_fonts.o(.constdata), (772 bytes).
    Removing u8x8_fonts.o(.constdata), (220 bytes).
    Removing u8x8_fonts.o(.constdata), (517 bytes).
    Removing u8x8_fonts.o(.constdata), (7172 bytes).
    Removing u8x8_fonts.o(.constdata), (3077 bytes).
    Removing u8x8_fonts.o(.constdata), (868 bytes).
    Removing u8x8_fonts.o(.constdata), (7172 bytes).
    Removing u8x8_fonts.o(.constdata), (3077 bytes).
    Removing u8x8_fonts.o(.constdata), (868 bytes).
    Removing u8x8_input_value.o(i.u8x8_UserInterfaceInputValue), (262 bytes).
    Removing u8x8_message.o(i.u8x8_UserInterfaceMessage), (240 bytes).
    Removing u8x8_message.o(i.u8x8_draw_button_line), (164 bytes).
    Removing u8x8_selection_list.o(i.u8sl_Next), (42 bytes).
    Removing u8x8_selection_list.o(i.u8sl_Prev), (40 bytes).
    Removing u8x8_selection_list.o(i.u8x8_DrawSelectionList), (44 bytes).
    Removing u8x8_selection_list.o(i.u8x8_UserInterfaceSelectionList), (192 bytes).
    Removing u8x8_selection_list.o(i.u8x8_sl_string_line_cb), (76 bytes).
    Removing u8x8_setup.o(i.u8x8_d_null_cb), (32 bytes).
    Removing u8x8_setup.o(.constdata), (24 bytes).
    Removing u8x8_string.o(i.u8x8_CopyStringLine), (40 bytes).
    Removing u8x8_string.o(i.u8x8_DrawUTF8Line), (116 bytes).
    Removing u8x8_string.o(i.u8x8_DrawUTF8Lines), (66 bytes).
    Removing u8x8_string.o(i.u8x8_GetStringLineCnt), (26 bytes).
    Removing u8x8_string.o(i.u8x8_GetStringLineStart), (36 bytes).
    Removing u8x8_u8toa.o(i.u8x8_u8toa), (24 bytes).
    Removing u8x8_u8toa.o(i.u8x8_u8toap), (44 bytes).
    Removing u8x8_u8toa.o(.constdata), (3 bytes).
    Removing u8x8_u8toa.o(.data), (4 bytes).
    Removing u8x8_u16toa.o(i.u8x8_u16toa), (24 bytes).
    Removing u8x8_u16toa.o(i.u8x8_u16toap), (46 bytes).
    Removing u8x8_u16toa.o(i.u8x8_utoa), (28 bytes).
    Removing u8x8_u16toa.o(.data), (6 bytes).
    Removing dadd.o(.text), (334 bytes).
    Removing dmul.o(.text), (228 bytes).
    Removing ddiv.o(.text), (222 bytes).
    Removing dfixul.o(.text), (48 bytes).
    Removing cdrcmple.o(.text), (48 bytes).
    Removing depilogue.o(.text), (186 bytes).

2615 unused section(s) (total 11151994 bytes) removed from the image.

==============================================================================

Image Symbol Table

    Local Symbols

    Symbol Name                              Value     Ov Type        Size  Object(Section)

    ../Drivers/STM32F1xx_HAL_Driver/Src/stm32f1xx_hal.c 0x00000000   Number         0  stm32f1xx_hal.o ABSOLUTE
    ../Drivers/STM32F1xx_HAL_Driver/Src/stm32f1xx_hal_cortex.c 0x00000000   Number         0  stm32f1xx_hal_cortex.o ABSOLUTE
    ../Drivers/STM32F1xx_HAL_Driver/Src/stm32f1xx_hal_dma.c 0x00000000   Number         0  stm32f1xx_hal_dma.o ABSOLUTE
    ../Drivers/STM32F1xx_HAL_Driver/Src/stm32f1xx_hal_exti.c 0x00000000   Number         0  stm32f1xx_hal_exti.o ABSOLUTE
    ../Drivers/STM32F1xx_HAL_Driver/Src/stm32f1xx_hal_flash.c 0x00000000   Number         0  stm32f1xx_hal_flash.o ABSOLUTE
    ../Drivers/STM32F1xx_HAL_Driver/Src/stm32f1xx_hal_flash_ex.c 0x00000000   Number         0  stm32f1xx_hal_flash_ex.o ABSOLUTE
    ../Drivers/STM32F1xx_HAL_Driver/Src/stm32f1xx_hal_gpio.c 0x00000000   Number         0  stm32f1xx_hal_gpio.o ABSOLUTE
    ../Drivers/STM32F1xx_HAL_Driver/Src/stm32f1xx_hal_gpio_ex.c 0x00000000   Number         0  stm32f1xx_hal_gpio_ex.o ABSOLUTE
    ../Drivers/STM32F1xx_HAL_Driver/Src/stm32f1xx_hal_pwr.c 0x00000000   Number         0  stm32f1xx_hal_pwr.o ABSOLUTE
    ../Drivers/STM32F1xx_HAL_Driver/Src/stm32f1xx_hal_rcc.c 0x00000000   Number         0  stm32f1xx_hal_rcc.o ABSOLUTE
    ../Drivers/STM32F1xx_HAL_Driver/Src/stm32f1xx_hal_rcc_ex.c 0x00000000   Number         0  stm32f1xx_hal_rcc_ex.o ABSOLUTE
    ../Drivers/STM32F1xx_HAL_Driver/Src/stm32f1xx_hal_spi.c 0x00000000   Number         0  stm32f1xx_hal_spi.o ABSOLUTE
    ../Drivers/STM32F1xx_HAL_Driver/Src/stm32f1xx_hal_tim.c 0x00000000   Number         0  stm32f1xx_hal_tim.o ABSOLUTE
    ../Drivers/STM32F1xx_HAL_Driver/Src/stm32f1xx_hal_tim_ex.c 0x00000000   Number         0  stm32f1xx_hal_tim_ex.o ABSOLUTE
    ../Drivers/STM32F1xx_HAL_Driver/Src/stm32f1xx_hal_uart.c 0x00000000   Number         0  stm32f1xx_hal_uart.o ABSOLUTE
    ../Src/dma.c                             0x00000000   Number         0  dma.o ABSOLUTE
    ../Src/gpio.c                            0x00000000   Number         0  gpio.o ABSOLUTE
    ../Src/main.c                            0x00000000   Number         0  main.o ABSOLUTE
    ../Src/spi.c                             0x00000000   Number         0  spi.o ABSOLUTE
    ../Src/stm32f1xx_hal_msp.c               0x00000000   Number         0  stm32f1xx_hal_msp.o ABSOLUTE
    ../Src/stm32f1xx_it.c                    0x00000000   Number         0  stm32f1xx_it.o ABSOLUTE
    ../Src/system_stm32f1xx.c                0x00000000   Number         0  system_stm32f1xx.o ABSOLUTE
    ../Src/usart.c                           0x00000000   Number         0  usart.o ABSOLUTE
    ../clib/microlib/division.c              0x00000000   Number         0  uidiv.o ABSOLUTE
    ../clib/microlib/division.c              0x00000000   Number         0  uldiv.o ABSOLUTE
    ../clib/microlib/init/entry.s            0x00000000   Number         0  entry.o ABSOLUTE
    ../clib/microlib/init/entry.s            0x00000000   Number         0  entry10a.o ABSOLUTE
    ../clib/microlib/init/entry.s            0x00000000   Number         0  entry10b.o ABSOLUTE
    ../clib/microlib/init/entry.s            0x00000000   Number         0  entry11a.o ABSOLUTE
    ../clib/microlib/init/entry.s            0x00000000   Number         0  entry12a.o ABSOLUTE
    ../clib/microlib/init/entry.s            0x00000000   Number         0  entry12b.o ABSOLUTE
    ../clib/microlib/init/entry.s            0x00000000   Number         0  entry11b.o ABSOLUTE
    ../clib/microlib/init/entry.s            0x00000000   Number         0  entry2.o ABSOLUTE
    ../clib/microlib/init/entry.s            0x00000000   Number         0  entry5.o ABSOLUTE
    ../clib/microlib/init/entry.s            0x00000000   Number         0  entry7a.o ABSOLUTE
    ../clib/microlib/init/entry.s            0x00000000   Number         0  entry7b.o ABSOLUTE
    ../clib/microlib/init/entry.s            0x00000000   Number         0  entry8a.o ABSOLUTE
    ../clib/microlib/init/entry.s            0x00000000   Number         0  entry8b.o ABSOLUTE
    ../clib/microlib/init/entry.s            0x00000000   Number         0  entry9a.o ABSOLUTE
    ../clib/microlib/init/entry.s            0x00000000   Number         0  entry9b.o ABSOLUTE
    ../clib/microlib/longlong.c              0x00000000   Number         0  llsshr.o ABSOLUTE
    ../clib/microlib/longlong.c              0x00000000   Number         0  llshl.o ABSOLUTE
    ../clib/microlib/longlong.c              0x00000000   Number         0  llushr.o ABSOLUTE
    ../clib/microlib/printf/printf.c         0x00000000   Number         0  printfb.o ABSOLUTE
    ../clib/microlib/printf/printf.c         0x00000000   Number         0  printf0.o ABSOLUTE
    ../clib/microlib/printf/printf.c         0x00000000   Number         0  printf1.o ABSOLUTE
    ../clib/microlib/printf/printf.c         0x00000000   Number         0  printf2.o ABSOLUTE
    ../clib/microlib/printf/printf.c         0x00000000   Number         0  printf3.o ABSOLUTE
    ../clib/microlib/printf/printf.c         0x00000000   Number         0  printf7.o ABSOLUTE
    ../clib/microlib/printf/printf.c         0x00000000   Number         0  printf8.o ABSOLUTE
    ../clib/microlib/printf/printf.c         0x00000000   Number         0  printf6.o ABSOLUTE
    ../clib/microlib/printf/printf.c         0x00000000   Number         0  printf5.o ABSOLUTE
    ../clib/microlib/printf/printf.c         0x00000000   Number         0  printf4.o ABSOLUTE
    ../clib/microlib/printf/printf.c         0x00000000   Number         0  printfa.o ABSOLUTE
    ../clib/microlib/printf/stubs.s          0x00000000   Number         0  stubs.o ABSOLUTE
    ../clib/microlib/stdio/fputc.c           0x00000000   Number         0  fputc.o ABSOLUTE
    ../clib/microlib/stdio/semi.s            0x00000000   Number         0  semi.o ABSOLUTE
    ../clib/microlib/stdio/streams.c         0x00000000   Number         0  stdout.o ABSOLUTE
    ../clib/microlib/string/memset.c         0x00000000   Number         0  memseta.o ABSOLUTE
    ../clib/microlib/stubs.s                 0x00000000   Number         0  iusesemip.o ABSOLUTE
    ../clib/microlib/stubs.s                 0x00000000   Number         0  iusefp.o ABSOLUTE
    ../fplib/microlib/fpadd.c                0x00000000   Number         0  dadd.o ABSOLUTE
    ../fplib/microlib/fpdiv.c                0x00000000   Number         0  ddiv.o ABSOLUTE
    ../fplib/microlib/fpepilogue.c           0x00000000   Number         0  depilogue.o ABSOLUTE
    ../fplib/microlib/fpfix.c                0x00000000   Number         0  dfixul.o ABSOLUTE
    ../fplib/microlib/fpmul.c                0x00000000   Number         0  dmul.o ABSOLUTE
    ..\Drivers\STM32F1xx_HAL_Driver\Src\stm32f1xx_hal.c 0x00000000   Number         0  stm32f1xx_hal.o ABSOLUTE
    ..\Drivers\STM32F1xx_HAL_Driver\Src\stm32f1xx_hal_cortex.c 0x00000000   Number         0  stm32f1xx_hal_cortex.o ABSOLUTE
    ..\Drivers\STM32F1xx_HAL_Driver\Src\stm32f1xx_hal_dma.c 0x00000000   Number         0  stm32f1xx_hal_dma.o ABSOLUTE
    ..\Drivers\STM32F1xx_HAL_Driver\Src\stm32f1xx_hal_exti.c 0x00000000   Number         0  stm32f1xx_hal_exti.o ABSOLUTE
    ..\Drivers\STM32F1xx_HAL_Driver\Src\stm32f1xx_hal_flash.c 0x00000000   Number         0  stm32f1xx_hal_flash.o ABSOLUTE
    ..\Drivers\STM32F1xx_HAL_Driver\Src\stm32f1xx_hal_flash_ex.c 0x00000000   Number         0  stm32f1xx_hal_flash_ex.o ABSOLUTE
    ..\Drivers\STM32F1xx_HAL_Driver\Src\stm32f1xx_hal_gpio.c 0x00000000   Number         0  stm32f1xx_hal_gpio.o ABSOLUTE
    ..\Drivers\STM32F1xx_HAL_Driver\Src\stm32f1xx_hal_gpio_ex.c 0x00000000   Number         0  stm32f1xx_hal_gpio_ex.o ABSOLUTE
    ..\Drivers\STM32F1xx_HAL_Driver\Src\stm32f1xx_hal_pwr.c 0x00000000   Number         0  stm32f1xx_hal_pwr.o ABSOLUTE
    ..\Drivers\STM32F1xx_HAL_Driver\Src\stm32f1xx_hal_rcc.c 0x00000000   Number         0  stm32f1xx_hal_rcc.o ABSOLUTE
    ..\Drivers\STM32F1xx_HAL_Driver\Src\stm32f1xx_hal_rcc_ex.c 0x00000000   Number         0  stm32f1xx_hal_rcc_ex.o ABSOLUTE
    ..\Drivers\STM32F1xx_HAL_Driver\Src\stm32f1xx_hal_spi.c 0x00000000   Number         0  stm32f1xx_hal_spi.o ABSOLUTE
    ..\Drivers\STM32F1xx_HAL_Driver\Src\stm32f1xx_hal_tim.c 0x00000000   Number         0  stm32f1xx_hal_tim.o ABSOLUTE
    ..\Drivers\STM32F1xx_HAL_Driver\Src\stm32f1xx_hal_tim_ex.c 0x00000000   Number         0  stm32f1xx_hal_tim_ex.o ABSOLUTE
    ..\Drivers\STM32F1xx_HAL_Driver\Src\stm32f1xx_hal_uart.c 0x00000000   Number         0  stm32f1xx_hal_uart.o ABSOLUTE
    ..\Src\dma.c                             0x00000000   Number         0  dma.o ABSOLUTE
    ..\Src\gpio.c                            0x00000000   Number         0  gpio.o ABSOLUTE
    ..\Src\main.c                            0x00000000   Number         0  main.o ABSOLUTE
    ..\Src\spi.c                             0x00000000   Number         0  spi.o ABSOLUTE
    ..\Src\stm32f1xx_hal_msp.c               0x00000000   Number         0  stm32f1xx_hal_msp.o ABSOLUTE
    ..\Src\stm32f1xx_it.c                    0x00000000   Number         0  stm32f1xx_it.o ABSOLUTE
    ..\Src\system_stm32f1xx.c                0x00000000   Number         0  system_stm32f1xx.o ABSOLUTE
    ..\Src\usart.c                           0x00000000   Number         0  usart.o ABSOLUTE
    ..\u8g2-master\csrc\u8g2_bitmap.c        0x00000000   Number         0  u8g2_bitmap.o ABSOLUTE
    ..\u8g2-master\csrc\u8g2_box.c           0x00000000   Number         0  u8g2_box.o ABSOLUTE
    ..\u8g2-master\csrc\u8g2_buffer.c        0x00000000   Number         0  u8g2_buffer.o ABSOLUTE
    ..\u8g2-master\csrc\u8g2_circle.c        0x00000000   Number         0  u8g2_circle.o ABSOLUTE
    ..\u8g2-master\csrc\u8g2_cleardisplay.c  0x00000000   Number         0  u8g2_cleardisplay.o ABSOLUTE
    ..\u8g2-master\csrc\u8g2_d_memory.c      0x00000000   Number         0  u8g2_d_memory.o ABSOLUTE
    ..\u8g2-master\csrc\u8g2_d_setup.c       0x00000000   Number         0  u8g2_d_setup.o ABSOLUTE
    ..\u8g2-master\csrc\u8g2_font.c          0x00000000   Number         0  u8g2_font.o ABSOLUTE
    ..\u8g2-master\csrc\u8g2_fonts.c         0x00000000   Number         0  u8g2_fonts.o ABSOLUTE
    ..\u8g2-master\csrc\u8g2_hvline.c        0x00000000   Number         0  u8g2_hvline.o ABSOLUTE
    ..\u8g2-master\csrc\u8g2_input_value.c   0x00000000   Number         0  u8g2_input_value.o ABSOLUTE
    ..\u8g2-master\csrc\u8g2_intersection.c  0x00000000   Number         0  u8g2_intersection.o ABSOLUTE
    ..\u8g2-master\csrc\u8g2_kerning.c       0x00000000   Number         0  u8g2_kerning.o ABSOLUTE
    ..\u8g2-master\csrc\u8g2_line.c          0x00000000   Number         0  u8g2_line.o ABSOLUTE
    ..\u8g2-master\csrc\u8g2_ll_hvline.c     0x00000000   Number         0  u8g2_ll_hvline.o ABSOLUTE
    ..\u8g2-master\csrc\u8g2_message.c       0x00000000   Number         0  u8g2_message.o ABSOLUTE
    ..\u8g2-master\csrc\u8g2_polygon.c       0x00000000   Number         0  u8g2_polygon.o ABSOLUTE
    ..\u8g2-master\csrc\u8g2_selection_list.c 0x00000000   Number         0  u8g2_selection_list.o ABSOLUTE
    ..\u8g2-master\csrc\u8g2_setup.c         0x00000000   Number         0  u8g2_setup.o ABSOLUTE
    ..\u8g2-master\csrc\u8log.c              0x00000000   Number         0  u8log.o ABSOLUTE
    ..\u8g2-master\csrc\u8log_u8g2.c         0x00000000   Number         0  u8log_u8g2.o ABSOLUTE
    ..\u8g2-master\csrc\u8log_u8x8.c         0x00000000   Number         0  u8log_u8x8.o ABSOLUTE
    ..\u8g2-master\csrc\u8x8_8x8.c           0x00000000   Number         0  u8x8_8x8.o ABSOLUTE
    ..\u8g2-master\csrc\u8x8_byte.c          0x00000000   Number         0  u8x8_byte.o ABSOLUTE
    ..\u8g2-master\csrc\u8x8_cad.c           0x00000000   Number         0  u8x8_cad.o ABSOLUTE
    ..\u8g2-master\csrc\u8x8_capture.c       0x00000000   Number         0  u8x8_capture.o ABSOLUTE
    ..\u8g2-master\csrc\u8x8_d_a2printer.c   0x00000000   Number         0  u8x8_d_a2printer.o ABSOLUTE
    ..\u8g2-master\csrc\u8x8_d_il3820_296x128.c 0x00000000   Number         0  u8x8_d_il3820_296x128.o ABSOLUTE
    ..\u8g2-master\csrc\u8x8_d_ist3020.c     0x00000000   Number         0  u8x8_d_ist3020.o ABSOLUTE
    ..\u8g2-master\csrc\u8x8_d_ist7920.c     0x00000000   Number         0  u8x8_d_ist7920.o ABSOLUTE
    ..\u8g2-master\csrc\u8x8_d_ks0108.c      0x00000000   Number         0  u8x8_d_ks0108.o ABSOLUTE
    ..\u8g2-master\csrc\u8x8_d_lc7981.c      0x00000000   Number         0  u8x8_d_lc7981.o ABSOLUTE
    ..\u8g2-master\csrc\u8x8_d_ld7032_60x32.c 0x00000000   Number         0  u8x8_d_ld7032_60x32.o ABSOLUTE
    ..\u8g2-master\csrc\u8x8_d_ls013b7dh03.c 0x00000000   Number         0  u8x8_d_ls013b7dh03.o ABSOLUTE
    ..\u8g2-master\csrc\u8x8_d_max7219.c     0x00000000   Number         0  u8x8_d_max7219.o ABSOLUTE
    ..\u8g2-master\csrc\u8x8_d_pcd8544_84x48.c 0x00000000   Number         0  u8x8_d_pcd8544_84x48.o ABSOLUTE
    ..\u8g2-master\csrc\u8x8_d_pcf8812.c     0x00000000   Number         0  u8x8_d_pcf8812.o ABSOLUTE
    ..\u8g2-master\csrc\u8x8_d_pcf8814_hx1230.c 0x00000000   Number         0  u8x8_d_pcf8814_hx1230.o ABSOLUTE
    ..\u8g2-master\csrc\u8x8_d_s1d15e06.c    0x00000000   Number         0  u8x8_d_s1d15e06.o ABSOLUTE
    ..\u8g2-master\csrc\u8x8_d_sbn1661.c     0x00000000   Number         0  u8x8_d_sbn1661.o ABSOLUTE
    ..\u8g2-master\csrc\u8x8_d_sed1330.c     0x00000000   Number         0  u8x8_d_sed1330.o ABSOLUTE
    ..\u8g2-master\csrc\u8x8_d_sh1106_64x32.c 0x00000000   Number         0  u8x8_d_sh1106_64x32.o ABSOLUTE
    ..\u8g2-master\csrc\u8x8_d_sh1106_72x40.c 0x00000000   Number         0  u8x8_d_sh1106_72x40.o ABSOLUTE
    ..\u8g2-master\csrc\u8x8_d_sh1107.c      0x00000000   Number         0  u8x8_d_sh1107.o ABSOLUTE
    ..\u8g2-master\csrc\u8x8_d_sh1108.c      0x00000000   Number         0  u8x8_d_sh1108.o ABSOLUTE
    ..\u8g2-master\csrc\u8x8_d_sh1122.c      0x00000000   Number         0  u8x8_d_sh1122.o ABSOLUTE
    ..\u8g2-master\csrc\u8x8_d_ssd1305.c     0x00000000   Number         0  u8x8_d_ssd1305.o ABSOLUTE
    ..\u8g2-master\csrc\u8x8_d_ssd1306_128x32.c 0x00000000   Number         0  u8x8_d_ssd1306_128x32.o ABSOLUTE
    ..\u8g2-master\csrc\u8x8_d_ssd1306_128x64_noname.c 0x00000000   Number         0  u8x8_d_ssd1306_128x64_noname.o ABSOLUTE
    ..\u8g2-master\csrc\u8x8_d_ssd1306_2040x16.c 0x00000000   Number         0  u8x8_d_ssd1306_2040x16.o ABSOLUTE
    ..\u8g2-master\csrc\u8x8_d_ssd1306_48x64.c 0x00000000   Number         0  u8x8_d_ssd1306_48x64.o ABSOLUTE
    ..\u8g2-master\csrc\u8x8_d_ssd1306_64x32.c 0x00000000   Number         0  u8x8_d_ssd1306_64x32.o ABSOLUTE
    ..\u8g2-master\csrc\u8x8_d_ssd1306_64x48.c 0x00000000   Number         0  u8x8_d_ssd1306_64x48.o ABSOLUTE
    ..\u8g2-master\csrc\u8x8_d_ssd1306_72x40.c 0x00000000   Number         0  u8x8_d_ssd1306_72x40.o ABSOLUTE
    ..\u8g2-master\csrc\u8x8_d_ssd1306_96x16.c 0x00000000   Number         0  u8x8_d_ssd1306_96x16.o ABSOLUTE
    ..\u8g2-master\csrc\u8x8_d_ssd1309.c     0x00000000   Number         0  u8x8_d_ssd1309.o ABSOLUTE
    ..\u8g2-master\csrc\u8x8_d_ssd1316.c     0x00000000   Number         0  u8x8_d_ssd1316.o ABSOLUTE
    ..\u8g2-master\csrc\u8x8_d_ssd1317.c     0x00000000   Number         0  u8x8_d_ssd1317.o ABSOLUTE
    ..\u8g2-master\csrc\u8x8_d_ssd1318.c     0x00000000   Number         0  u8x8_d_ssd1318.o ABSOLUTE
    ..\u8g2-master\csrc\u8x8_d_ssd1322.c     0x00000000   Number         0  u8x8_d_ssd1322.o ABSOLUTE
    ..\u8g2-master\csrc\u8x8_d_ssd1325.c     0x00000000   Number         0  u8x8_d_ssd1325.o ABSOLUTE
    ..\u8g2-master\csrc\u8x8_d_ssd1326.c     0x00000000   Number         0  u8x8_d_ssd1326.o ABSOLUTE
    ..\u8g2-master\csrc\u8x8_d_ssd1327.c     0x00000000   Number         0  u8x8_d_ssd1327.o ABSOLUTE
    ..\u8g2-master\csrc\u8x8_d_ssd1329.c     0x00000000   Number         0  u8x8_d_ssd1329.o ABSOLUTE
    ..\u8g2-master\csrc\u8x8_d_ssd1606_172x72.c 0x00000000   Number         0  u8x8_d_ssd1606_172x72.o ABSOLUTE
    ..\u8g2-master\csrc\u8x8_d_ssd1607_200x200.c 0x00000000   Number         0  u8x8_d_ssd1607_200x200.o ABSOLUTE
    ..\u8g2-master\csrc\u8x8_d_st7511.c      0x00000000   Number         0  u8x8_d_st7511.o ABSOLUTE
    ..\u8g2-master\csrc\u8x8_d_st75256.c     0x00000000   Number         0  u8x8_d_st75256.o ABSOLUTE
    ..\u8g2-master\csrc\u8x8_d_st7528.c      0x00000000   Number         0  u8x8_d_st7528.o ABSOLUTE
    ..\u8g2-master\csrc\u8x8_d_st75320.c     0x00000000   Number         0  u8x8_d_st75320.o ABSOLUTE
    ..\u8g2-master\csrc\u8x8_d_st7565.c      0x00000000   Number         0  u8x8_d_st7565.o ABSOLUTE
    ..\u8g2-master\csrc\u8x8_d_st7567.c      0x00000000   Number         0  u8x8_d_st7567.o ABSOLUTE
    ..\u8g2-master\csrc\u8x8_d_st7571.c      0x00000000   Number         0  u8x8_d_st7571.o ABSOLUTE
    ..\u8g2-master\csrc\u8x8_d_st7586s_erc240160.c 0x00000000   Number         0  u8x8_d_st7586s_erc240160.o ABSOLUTE
    ..\u8g2-master\csrc\u8x8_d_st7586s_s028hn118a.c 0x00000000   Number         0  u8x8_d_st7586s_s028hn118a.o ABSOLUTE
    ..\u8g2-master\csrc\u8x8_d_st7586s_ymc240160.c 0x00000000   Number         0  u8x8_d_st7586s_ymc240160.o ABSOLUTE
    ..\u8g2-master\csrc\u8x8_d_st7588.c      0x00000000   Number         0  u8x8_d_st7588.o ABSOLUTE
    ..\u8g2-master\csrc\u8x8_d_st7920.c      0x00000000   Number         0  u8x8_d_st7920.o ABSOLUTE
    ..\u8g2-master\csrc\u8x8_d_stdio.c       0x00000000   Number         0  u8x8_d_stdio.o ABSOLUTE
    ..\u8g2-master\csrc\u8x8_d_t6963.c       0x00000000   Number         0  u8x8_d_t6963.o ABSOLUTE
    ..\u8g2-master\csrc\u8x8_d_uc1601.c      0x00000000   Number         0  u8x8_d_uc1601.o ABSOLUTE
    ..\u8g2-master\csrc\u8x8_d_uc1604.c      0x00000000   Number         0  u8x8_d_uc1604.o ABSOLUTE
    ..\u8g2-master\csrc\u8x8_d_uc1608.c      0x00000000   Number         0  u8x8_d_uc1608.o ABSOLUTE
    ..\u8g2-master\csrc\u8x8_d_uc1610.c      0x00000000   Number         0  u8x8_d_uc1610.o ABSOLUTE
    ..\u8g2-master\csrc\u8x8_d_uc1611.c      0x00000000   Number         0  u8x8_d_uc1611.o ABSOLUTE
    ..\u8g2-master\csrc\u8x8_d_uc1617.c      0x00000000   Number         0  u8x8_d_uc1617.o ABSOLUTE
    ..\u8g2-master\csrc\u8x8_d_uc1638.c      0x00000000   Number         0  u8x8_d_uc1638.o ABSOLUTE
    ..\u8g2-master\csrc\u8x8_d_uc1701_dogs102.c 0x00000000   Number         0  u8x8_d_uc1701_dogs102.o ABSOLUTE
    ..\u8g2-master\csrc\u8x8_d_uc1701_mini12864.c 0x00000000   Number         0  u8x8_d_uc1701_mini12864.o ABSOLUTE
    ..\u8g2-master\csrc\u8x8_debounce.c      0x00000000   Number         0  u8x8_debounce.o ABSOLUTE
    ..\u8g2-master\csrc\u8x8_display.c       0x00000000   Number         0  u8x8_display.o ABSOLUTE
    ..\u8g2-master\csrc\u8x8_fonts.c         0x00000000   Number         0  u8x8_fonts.o ABSOLUTE
    ..\u8g2-master\csrc\u8x8_gpio.c          0x00000000   Number         0  u8x8_gpio.o ABSOLUTE
    ..\u8g2-master\csrc\u8x8_input_value.c   0x00000000   Number         0  u8x8_input_value.o ABSOLUTE
    ..\u8g2-master\csrc\u8x8_message.c       0x00000000   Number         0  u8x8_message.o ABSOLUTE
    ..\u8g2-master\csrc\u8x8_selection_list.c 0x00000000   Number         0  u8x8_selection_list.o ABSOLUTE
    ..\u8g2-master\csrc\u8x8_setup.c         0x00000000   Number         0  u8x8_setup.o ABSOLUTE
    ..\u8g2-master\csrc\u8x8_string.c        0x00000000   Number         0  u8x8_string.o ABSOLUTE
    ..\u8g2-master\csrc\u8x8_u16toa.c        0x00000000   Number         0  u8x8_u16toa.o ABSOLUTE
    ..\u8g2-master\csrc\u8x8_u8toa.c         0x00000000   Number         0  u8x8_u8toa.o ABSOLUTE
    cdrcmple.s                               0x00000000   Number         0  cdrcmple.o ABSOLUTE
    dc.s                                     0x00000000   Number         0  dc.o ABSOLUTE
    handlers.s                               0x00000000   Number         0  handlers.o ABSOLUTE
    init.s                                   0x00000000   Number         0  init.o ABSOLUTE
    startup_stm32f103xe.s                    0x00000000   Number         0  startup_stm32f103xe.o ABSOLUTE
    RESET                                    0x08000000   Section      304  startup_stm32f103xe.o(RESET)
    .ARM.Collect$$$$00000000                 0x08000130   Section        0  entry.o(.ARM.Collect$$$$00000000)
    .ARM.Collect$$$$00000001                 0x08000130   Section        4  entry2.o(.ARM.Collect$$$$00000001)
    .ARM.Collect$$$$00000004                 0x08000134   Section        4  entry5.o(.ARM.Collect$$$$00000004)
    .ARM.Collect$$$$00000008                 0x08000138   Section        0  entry7b.o(.ARM.Collect$$$$00000008)
    .ARM.Collect$$$$0000000A                 0x08000138   Section        0  entry8b.o(.ARM.Collect$$$$0000000A)
    .ARM.Collect$$$$0000000B                 0x08000138   Section        8  entry9a.o(.ARM.Collect$$$$0000000B)
    .ARM.Collect$$$$0000000E                 0x08000140   Section        4  entry12b.o(.ARM.Collect$$$$0000000E)
    .ARM.Collect$$$$0000000F                 0x08000144   Section        0  entry10a.o(.ARM.Collect$$$$0000000F)
    .ARM.Collect$$$$00000011                 0x08000144   Section        0  entry11a.o(.ARM.Collect$$$$00000011)
    .ARM.Collect$$$$00002712                 0x08000144   Section        4  entry2.o(.ARM.Collect$$$$00002712)
    __lit__00000000                          0x08000144   Data           4  entry2.o(.ARM.Collect$$$$00002712)
    .text                                    0x08000148   Section       36  startup_stm32f103xe.o(.text)
    .text                                    0x0800016c   Section        0  memseta.o(.text)
    .text                                    0x08000190   Section        0  uidiv.o(.text)
    .text                                    0x080001bc   Section       36  init.o(.text)
    i.BusFault_Handler                       0x080001e0   Section        0  stm32f1xx_it.o(i.BusFault_Handler)
    i.DMA1_Channel2_IRQHandler               0x080001e4   Section        0  stm32f1xx_it.o(i.DMA1_Channel2_IRQHandler)
    i.DMA1_Channel3_IRQHandler               0x080001f0   Section        0  stm32f1xx_it.o(i.DMA1_Channel3_IRQHandler)
    i.DMA1_Channel4_IRQHandler               0x080001fc   Section        0  stm32f1xx_it.o(i.DMA1_Channel4_IRQHandler)
    i.DMA1_Channel5_IRQHandler               0x08000208   Section        0  stm32f1xx_it.o(i.DMA1_Channel5_IRQHandler)
    i.DebugMon_Handler                       0x08000214   Section        0  stm32f1xx_it.o(i.DebugMon_Handler)
    i.Error_Handler                          0x08000216   Section        0  main.o(i.Error_Handler)
    i.HAL_DMA_Abort_IT                       0x0800021c   Section        0  stm32f1xx_hal_dma.o(i.HAL_DMA_Abort_IT)
    i.HAL_DMA_IRQHandler                     0x0800034c   Section        0  stm32f1xx_hal_dma.o(i.HAL_DMA_IRQHandler)
    i.HAL_DMA_Init                           0x08000594   Section        0  stm32f1xx_hal_dma.o(i.HAL_DMA_Init)
    i.HAL_Delay                              0x08000610   Section        0  stm32f1xx_hal.o(i.HAL_Delay)
    i.HAL_GPIO_Init                          0x08000634   Section        0  stm32f1xx_hal_gpio.o(i.HAL_GPIO_Init)
    i.HAL_GPIO_TogglePin                     0x0800082c   Section        0  stm32f1xx_hal_gpio.o(i.HAL_GPIO_TogglePin)
    i.HAL_GPIO_WritePin                      0x0800083c   Section        0  stm32f1xx_hal_gpio.o(i.HAL_GPIO_WritePin)
    i.HAL_GetTick                            0x08000848   Section        0  stm32f1xx_hal.o(i.HAL_GetTick)
    i.HAL_IncTick                            0x08000854   Section        0  stm32f1xx_hal.o(i.HAL_IncTick)
    i.HAL_Init                               0x08000864   Section        0  stm32f1xx_hal.o(i.HAL_Init)
    i.HAL_InitTick                           0x08000888   Section        0  stm32f1xx_hal.o(i.HAL_InitTick)
    i.HAL_MspInit                            0x080008c8   Section        0  stm32f1xx_hal_msp.o(i.HAL_MspInit)
    i.HAL_NVIC_EnableIRQ                     0x08000904   Section        0  stm32f1xx_hal_cortex.o(i.HAL_NVIC_EnableIRQ)
    i.HAL_NVIC_SetPriority                   0x08000920   Section        0  stm32f1xx_hal_cortex.o(i.HAL_NVIC_SetPriority)
    i.HAL_NVIC_SetPriorityGrouping           0x08000960   Section        0  stm32f1xx_hal_cortex.o(i.HAL_NVIC_SetPriorityGrouping)
    i.HAL_RCC_CSSCallback                    0x08000984   Section        0  stm32f1xx_hal_rcc.o(i.HAL_RCC_CSSCallback)
    i.HAL_RCC_ClockConfig                    0x08000988   Section        0  stm32f1xx_hal_rcc.o(i.HAL_RCC_ClockConfig)
    i.HAL_RCC_EnableCSS                      0x08000ab4   Section        0  stm32f1xx_hal_rcc.o(i.HAL_RCC_EnableCSS)
    i.HAL_RCC_GetPCLK1Freq                   0x08000ac0   Section        0  stm32f1xx_hal_rcc.o(i.HAL_RCC_GetPCLK1Freq)
    i.HAL_RCC_GetPCLK2Freq                   0x08000ae0   Section        0  stm32f1xx_hal_rcc.o(i.HAL_RCC_GetPCLK2Freq)
    i.HAL_RCC_GetSysClockFreq                0x08000b00   Section        0  stm32f1xx_hal_rcc.o(i.HAL_RCC_GetSysClockFreq)
    i.HAL_RCC_NMI_IRQHandler                 0x08000b6c   Section        0  stm32f1xx_hal_rcc.o(i.HAL_RCC_NMI_IRQHandler)
    i.HAL_RCC_OscConfig                      0x08000b84   Section        0  stm32f1xx_hal_rcc.o(i.HAL_RCC_OscConfig)
    i.HAL_SPI_ErrorCallback                  0x08000ea4   Section        0  stm32f1xx_hal_spi.o(i.HAL_SPI_ErrorCallback)
    i.HAL_SPI_IRQHandler                     0x08000ea8   Section        0  stm32f1xx_hal_spi.o(i.HAL_SPI_IRQHandler)
    i.HAL_SPI_Init                           0x08000f88   Section        0  stm32f1xx_hal_spi.o(i.HAL_SPI_Init)
    i.HAL_SPI_MspInit                        0x0800103c   Section        0  spi.o(i.HAL_SPI_MspInit)
    i.HAL_SPI_Transmit                       0x08001114   Section        0  stm32f1xx_hal_spi.o(i.HAL_SPI_Transmit)
    i.HAL_SYSTICK_Config                     0x0800127a   Section        0  stm32f1xx_hal_cortex.o(i.HAL_SYSTICK_Config)
    i.HAL_UART_ErrorCallback                 0x080012a2   Section        0  stm32f1xx_hal_uart.o(i.HAL_UART_ErrorCallback)
    i.HAL_UART_IRQHandler                    0x080012a4   Section        0  stm32f1xx_hal_uart.o(i.HAL_UART_IRQHandler)
    i.HAL_UART_Init                          0x08001400   Section        0  stm32f1xx_hal_uart.o(i.HAL_UART_Init)
    i.HAL_UART_MspInit                       0x08001464   Section        0  usart.o(i.HAL_UART_MspInit)
    i.HAL_UART_Receive_IT                    0x08001540   Section        0  stm32f1xx_hal_uart.o(i.HAL_UART_Receive_IT)
    i.HAL_UART_RxCpltCallback                0x08001594   Section        0  main.o(i.HAL_UART_RxCpltCallback)
    i.HAL_UART_Transmit_IT                   0x08001608   Section        0  stm32f1xx_hal_uart.o(i.HAL_UART_Transmit_IT)
    i.HAL_UART_TxCpltCallback                0x08001646   Section        0  stm32f1xx_hal_uart.o(i.HAL_UART_TxCpltCallback)
    i.HardFault_Handler                      0x08001648   Section        0  stm32f1xx_it.o(i.HardFault_Handler)
    i.MX_DMA_Init                            0x0800164c   Section        0  dma.o(i.MX_DMA_Init)
    i.MX_GPIO_Init                           0x080016a8   Section        0  gpio.o(i.MX_GPIO_Init)
    i.MX_SPI1_Init                           0x08001744   Section        0  spi.o(i.MX_SPI1_Init)
    i.MX_USART1_UART_Init                    0x0800178c   Section        0  usart.o(i.MX_USART1_UART_Init)
    i.MemManage_Handler                      0x080017c8   Section        0  stm32f1xx_it.o(i.MemManage_Handler)
    i.NMI_Handler                            0x080017ca   Section        0  stm32f1xx_it.o(i.NMI_Handler)
    i.PendSV_Handler                         0x080017d0   Section        0  stm32f1xx_it.o(i.PendSV_Handler)
    i.SPI1_IRQHandler                        0x080017d4   Section        0  stm32f1xx_it.o(i.SPI1_IRQHandler)
    i.SPI_DMAAbortOnError                    0x080017e0   Section        0  stm32f1xx_hal_spi.o(i.SPI_DMAAbortOnError)
    SPI_DMAAbortOnError                      0x080017e1   Thumb Code    16  stm32f1xx_hal_spi.o(i.SPI_DMAAbortOnError)
    i.SPI_EndRxTxTransaction                 0x080017f0   Section        0  stm32f1xx_hal_spi.o(i.SPI_EndRxTxTransaction)
    SPI_EndRxTxTransaction                   0x080017f1   Thumb Code    32  stm32f1xx_hal_spi.o(i.SPI_EndRxTxTransaction)
    i.SPI_WaitFlagStateUntilTimeout          0x08001810   Section        0  stm32f1xx_hal_spi.o(i.SPI_WaitFlagStateUntilTimeout)
    SPI_WaitFlagStateUntilTimeout            0x08001811   Thumb Code   180  stm32f1xx_hal_spi.o(i.SPI_WaitFlagStateUntilTimeout)
    i.SVC_Handler                            0x080018c8   Section        0  stm32f1xx_it.o(i.SVC_Handler)
    i.SysTick_Handler                        0x080018ca   Section        0  stm32f1xx_it.o(i.SysTick_Handler)
    i.SystemClock_Config                     0x080018ce   Section        0  main.o(i.SystemClock_Config)
    i.SystemInit                             0x0800192e   Section        0  system_stm32f1xx.o(i.SystemInit)
    i.UART_DMAAbortOnError                   0x08001930   Section        0  stm32f1xx_hal_uart.o(i.UART_DMAAbortOnError)
    UART_DMAAbortOnError                     0x08001931   Thumb Code    16  stm32f1xx_hal_uart.o(i.UART_DMAAbortOnError)
    i.UART_EndRxTransfer                     0x08001940   Section        0  stm32f1xx_hal_uart.o(i.UART_EndRxTransfer)
    UART_EndRxTransfer                       0x08001941   Thumb Code    28  stm32f1xx_hal_uart.o(i.UART_EndRxTransfer)
    i.UART_Receive_IT                        0x0800195c   Section        0  stm32f1xx_hal_uart.o(i.UART_Receive_IT)
    UART_Receive_IT                          0x0800195d   Thumb Code   140  stm32f1xx_hal_uart.o(i.UART_Receive_IT)
    i.UART_SetConfig                         0x080019e8   Section        0  stm32f1xx_hal_uart.o(i.UART_SetConfig)
    UART_SetConfig                           0x080019e9   Thumb Code   178  stm32f1xx_hal_uart.o(i.UART_SetConfig)
    i.USART1_IRQHandler                      0x08001aa0   Section        0  stm32f1xx_it.o(i.USART1_IRQHandler)
    i.UsageFault_Handler                     0x08001aac   Section        0  stm32f1xx_it.o(i.UsageFault_Handler)
    i.__0sprintf$6                           0x08001ab0   Section        0  printf6.o(i.__0sprintf$6)
    i.__NVIC_SetPriority                     0x08001ad8   Section        0  stm32f1xx_hal_cortex.o(i.__NVIC_SetPriority)
    __NVIC_SetPriority                       0x08001ad9   Thumb Code    32  stm32f1xx_hal_cortex.o(i.__NVIC_SetPriority)
    i.__scatterload_copy                     0x08001af8   Section       14  handlers.o(i.__scatterload_copy)
    i.__scatterload_null                     0x08001b06   Section        2  handlers.o(i.__scatterload_null)
    i.__scatterload_zeroinit                 0x08001b08   Section       14  handlers.o(i.__scatterload_zeroinit)
    i._printf_core                           0x08001b18   Section        0  printf6.o(i._printf_core)
    _printf_core                             0x08001b19   Thumb Code   748  printf6.o(i._printf_core)
    i._printf_post_padding                   0x08001e08   Section        0  printf6.o(i._printf_post_padding)
    _printf_post_padding                     0x08001e09   Thumb Code    36  printf6.o(i._printf_post_padding)
    i._printf_pre_padding                    0x08001e2c   Section        0  printf6.o(i._printf_pre_padding)
    _printf_pre_padding                      0x08001e2d   Thumb Code    46  printf6.o(i._printf_pre_padding)
    i._sputc                                 0x08001e5a   Section        0  printf6.o(i._sputc)
    _sputc                                   0x08001e5b   Thumb Code    10  printf6.o(i._sputc)
    i.main                                   0x08001e64   Section        0  main.o(i.main)
    i.u8g2_ClearBuffer                       0x08001ec4   Section        0  u8g2_buffer.o(i.u8g2_ClearBuffer)
    i.u8g2_DrawHVLine                        0x08001ed8   Section        0  u8g2_hvline.o(i.u8g2_DrawHVLine)
    i.u8g2_DrawHXBM                          0x08001f84   Section        0  u8g2_bitmap.o(i.u8g2_DrawHXBM)
    i.u8g2_DrawXBM                           0x08002018   Section        0  u8g2_bitmap.o(i.u8g2_DrawXBM)
    i.u8g2_IsIntersection                    0x08002064   Section        0  u8g2_intersection.o(i.u8g2_IsIntersection)
    i.u8g2_NextPage                          0x08002094   Section        0  u8g2_buffer.o(i.u8g2_NextPage)
    i.u8g2_SetBufferCurrTileRow              0x080020d2   Section        0  u8g2_buffer.o(i.u8g2_SetBufferCurrTileRow)
    i.u8g2_SetFontPosBaseline                0x080020f0   Section        0  u8g2_font.o(i.u8g2_SetFontPosBaseline)
    i.u8g2_SetMaxClipWindow                  0x080020fc   Section        0  u8g2_setup.o(i.u8g2_SetMaxClipWindow)
    i.u8g2_SetupBuffer                       0x08002118   Section        0  u8g2_setup.o(i.u8g2_SetupBuffer)
    i.u8g2_Setup_ssd1306_128x64_noname_f     0x0800215c   Section        0  u8g2_d_setup.o(i.u8g2_Setup_ssd1306_128x64_noname_f)
    i.u8g2_apply_clip_window                 0x08002194   Section        0  u8g2_setup.o(i.u8g2_apply_clip_window)
    u8g2_apply_clip_window                   0x08002195   Thumb Code   110  u8g2_setup.o(i.u8g2_apply_clip_window)
    i.u8g2_clip_intersection2                0x08002202   Section        0  u8g2_hvline.o(i.u8g2_clip_intersection2)
    u8g2_clip_intersection2                  0x08002203   Thumb Code    60  u8g2_hvline.o(i.u8g2_clip_intersection2)
    i.u8g2_draw_hv_line_2dir                 0x0800223e   Section        0  u8g2_hvline.o(i.u8g2_draw_hv_line_2dir)
    i.u8g2_draw_l90_r0                       0x08002250   Section        0  u8g2_setup.o(i.u8g2_draw_l90_r0)
    i.u8g2_font_calc_vref_font               0x0800225c   Section        0  u8g2_font.o(i.u8g2_font_calc_vref_font)
    i.u8g2_is_intersection_decision_tree     0x08002260   Section        0  u8g2_intersection.o(i.u8g2_is_intersection_decision_tree)
    i.u8g2_ll_hvline_vertical_top_lsb        0x08002278   Section        0  u8g2_ll_hvline.o(i.u8g2_ll_hvline_vertical_top_lsb)
    i.u8g2_m_16_8_f                          0x08002308   Section        0  u8g2_d_memory.o(i.u8g2_m_16_8_f)
    i.u8g2_send_buffer                       0x08002314   Section        0  u8g2_buffer.o(i.u8g2_send_buffer)
    u8g2_send_buffer                         0x08002315   Thumb Code    78  u8g2_buffer.o(i.u8g2_send_buffer)
    i.u8g2_update_dimension_common           0x08002362   Section        0  u8g2_setup.o(i.u8g2_update_dimension_common)
    u8g2_update_dimension_common             0x08002363   Thumb Code    70  u8g2_setup.o(i.u8g2_update_dimension_common)
    i.u8g2_update_dimension_r0               0x080023a8   Section        0  u8g2_setup.o(i.u8g2_update_dimension_r0)
    i.u8g2_update_page_win_r0                0x080023ac   Section        0  u8g2_setup.o(i.u8g2_update_page_win_r0)
    i.u8x8_DrawTile                          0x080023ce   Section        0  u8x8_display.o(i.u8x8_DrawTile)
    i.u8x8_InitDisplay                       0x080023ec   Section        0  u8x8_display.o(i.u8x8_InitDisplay)
    i.u8x8_RefreshDisplay                    0x080023fc   Section        0  u8x8_display.o(i.u8x8_RefreshDisplay)
    i.u8x8_SetPowerSave                      0x0800240c   Section        0  u8x8_display.o(i.u8x8_SetPowerSave)
    i.u8x8_Setup                             0x0800241c   Section        0  u8x8_setup.o(i.u8x8_Setup)
    i.u8x8_SetupDefaults                     0x08002440   Section        0  u8x8_setup.o(i.u8x8_SetupDefaults)
    i.u8x8_SetupMemory                       0x08002464   Section        0  u8x8_display.o(i.u8x8_SetupMemory)
    i.u8x8_byte_SendByte                     0x08002474   Section        0  u8x8_byte.o(i.u8x8_byte_SendByte)
    i.u8x8_byte_SetDC                        0x08002482   Section        0  u8x8_byte.o(i.u8x8_byte_SetDC)
    i.u8x8_byte_arduino_hw_spi               0x08002494   Section        0  main.o(i.u8x8_byte_arduino_hw_spi)
    i.u8x8_cad_001                           0x08002520   Section        0  u8x8_cad.o(i.u8x8_cad_001)
    i.u8x8_cad_EndTransfer                   0x08002572   Section        0  u8x8_cad.o(i.u8x8_cad_EndTransfer)
    i.u8x8_cad_SendArg                       0x08002582   Section        0  u8x8_cad.o(i.u8x8_cad_SendArg)
    i.u8x8_cad_SendCmd                       0x08002592   Section        0  u8x8_cad.o(i.u8x8_cad_SendCmd)
    i.u8x8_cad_SendData                      0x080025a2   Section        0  u8x8_cad.o(i.u8x8_cad_SendData)
    i.u8x8_cad_SendSequence                  0x080025b4   Section        0  u8x8_cad.o(i.u8x8_cad_SendSequence)
    i.u8x8_cad_StartTransfer                 0x0800261c   Section        0  u8x8_cad.o(i.u8x8_cad_StartTransfer)
    i.u8x8_d_helper_display_init             0x0800262c   Section        0  u8x8_display.o(i.u8x8_d_helper_display_init)
    i.u8x8_d_helper_display_setup_memory     0x0800268c   Section        0  u8x8_display.o(i.u8x8_d_helper_display_setup_memory)
    i.u8x8_d_ssd1306_128x64_noname           0x08002698   Section        0  u8x8_d_ssd1306_128x64_noname.o(i.u8x8_d_ssd1306_128x64_noname)
    i.u8x8_d_ssd1306_sh1106_generic          0x080026d4   Section        0  u8x8_d_ssd1306_128x64_noname.o(i.u8x8_d_ssd1306_sh1106_generic)
    u8x8_d_ssd1306_sh1106_generic            0x080026d5   Thumb Code   196  u8x8_d_ssd1306_128x64_noname.o(i.u8x8_d_ssd1306_sh1106_generic)
    i.u8x8_dummy_cb                          0x0800279c   Section        0  u8x8_setup.o(i.u8x8_dummy_cb)
    i.u8x8_gpio_and_delay_template           0x080027a0   Section        0  main.o(i.u8x8_gpio_and_delay_template)
    i.u8x8_gpio_call                         0x08002820   Section        0  u8x8_gpio.o(i.u8x8_gpio_call)
    .constdata                               0x0800282c   Section       16  system_stm32f1xx.o(.constdata)
    .constdata                               0x0800283c   Section        8  system_stm32f1xx.o(.constdata)
    .constdata                               0x08002844   Section       12  u8g2_setup.o(.constdata)
    .constdata                               0x08002850   Section      276  u8x8_d_ssd1306_128x64_noname.o(.constdata)
    u8x8_d_ssd1306_128x64_noname_powersave0_seq 0x08002850   Data           5  u8x8_d_ssd1306_128x64_noname.o(.constdata)
    u8x8_d_ssd1306_128x64_noname_powersave1_seq 0x08002855   Data           5  u8x8_d_ssd1306_128x64_noname.o(.constdata)
    u8x8_d_ssd1306_128x64_noname_flip0_seq   0x0800285a   Data           7  u8x8_d_ssd1306_128x64_noname.o(.constdata)
    u8x8_d_ssd1306_128x64_noname_flip1_seq   0x08002861   Data           7  u8x8_d_ssd1306_128x64_noname.o(.constdata)
    u8x8_d_ssd1306_128x64_noname_init_seq    0x08002868   Data          53  u8x8_d_ssd1306_128x64_noname.o(.constdata)
    u8x8_d_ssd1306_128x64_vcomh0_init_seq    0x0800289d   Data          53  u8x8_d_ssd1306_128x64_noname.o(.constdata)
    u8x8_d_ssd1306_128x64_alt0_init_seq      0x080028d2   Data          53  u8x8_d_ssd1306_128x64_noname.o(.constdata)
    u8x8_d_sh1106_128x64_winstar_init_seq    0x08002907   Data          45  u8x8_d_ssd1306_128x64_noname.o(.constdata)
    u8x8_ssd1306_128x64_noname_display_info  0x08002934   Data          24  u8x8_d_ssd1306_128x64_noname.o(.constdata)
    u8x8_sh1106_128x64_noname_display_info   0x0800294c   Data          24  u8x8_d_ssd1306_128x64_noname.o(.constdata)
    .data                                    0x20000000   Section       12  stm32f1xx_hal.o(.data)
    .data                                    0x2000000c   Section        4  system_stm32f1xx.o(.data)
    .bss                                     0x20000010   Section     1004  main.o(.bss)
    .bss                                     0x200003fc   Section      224  spi.o(.bss)
    .bss                                     0x200004dc   Section      200  usart.o(.bss)
    .bss                                     0x200005a4   Section     1024  u8g2_d_memory.o(.bss)
    buf                                      0x200005a4   Data        1024  u8g2_d_memory.o(.bss)
    STACK                                    0x200009a8   Section     1024  startup_stm32f103xe.o(STACK)

    Global Symbols

    Symbol Name                              Value     Ov Type        Size  Object(Section)

    BuildAttributes$$THM_ISAv4$P$D$K$B$S$PE$A:L22UL41UL21$X:L11$S22US41US21$IEEE1$IW$USESV6$~STKCKD$USESV7$~SHL$OSPACE$ROPI$EBA8$MICROLIB$REQ8$PRES8$EABIv2 0x00000000   Number         0  anon$$obj.o ABSOLUTE
    __ARM_use_no_argv                        0x00000000   Number         0  main.o ABSOLUTE
    _printf_a                                0x00000000   Number         0  stubs.o ABSOLUTE
    _printf_c                                0x00000000   Number         0  stubs.o ABSOLUTE
    _printf_charcount                        0x00000000   Number         0  stubs.o ABSOLUTE
    _printf_d                                0x00000000   Number         0  stubs.o ABSOLUTE
    _printf_e                                0x00000000   Number         0  stubs.o ABSOLUTE
    _printf_f                                0x00000000   Number         0  stubs.o ABSOLUTE
    _printf_flags                            0x00000000   Number         0  stubs.o ABSOLUTE
    _printf_fp_dec                           0x00000000   Number         0  stubs.o ABSOLUTE
    _printf_fp_hex                           0x00000000   Number         0  stubs.o ABSOLUTE
    _printf_g                                0x00000000   Number         0  stubs.o ABSOLUTE
    _printf_i                                0x00000000   Number         0  stubs.o ABSOLUTE
    _printf_int_dec                          0x00000000   Number         0  stubs.o ABSOLUTE
    _printf_l                                0x00000000   Number         0  stubs.o ABSOLUTE
    _printf_lc                               0x00000000   Number         0  stubs.o ABSOLUTE
    _printf_ll                               0x00000000   Number         0  stubs.o ABSOLUTE
    _printf_lld                              0x00000000   Number         0  stubs.o ABSOLUTE
    _printf_lli                              0x00000000   Number         0  stubs.o ABSOLUTE
    _printf_llo                              0x00000000   Number         0  stubs.o ABSOLUTE
    _printf_llu                              0x00000000   Number         0  stubs.o ABSOLUTE
    _printf_llx                              0x00000000   Number         0  stubs.o ABSOLUTE
    _printf_longlong_dec                     0x00000000   Number         0  stubs.o ABSOLUTE
    _printf_longlong_hex                     0x00000000   Number         0  stubs.o ABSOLUTE
    _printf_longlong_oct                     0x00000000   Number         0  stubs.o ABSOLUTE
    _printf_ls                               0x00000000   Number         0  stubs.o ABSOLUTE
    _printf_mbtowc                           0x00000000   Number         0  stubs.o ABSOLUTE
    _printf_n                                0x00000000   Number         0  stubs.o ABSOLUTE
    _printf_o                                0x00000000   Number         0  stubs.o ABSOLUTE
    _printf_p                                0x00000000   Number         0  stubs.o ABSOLUTE
    _printf_percent                          0x00000000   Number         0  stubs.o ABSOLUTE
    _printf_pre_padding                      0x00000000   Number         0  stubs.o ABSOLUTE
    _printf_return_value                     0x00000000   Number         0  stubs.o ABSOLUTE
    _printf_s                                0x00000000   Number         0  stubs.o ABSOLUTE
    _printf_sizespec                         0x00000000   Number         0  stubs.o ABSOLUTE
    _printf_str                              0x00000000   Number         0  stubs.o ABSOLUTE
    _printf_truncate_signed                  0x00000000   Number         0  stubs.o ABSOLUTE
    _printf_truncate_unsigned                0x00000000   Number         0  stubs.o ABSOLUTE
    _printf_u                                0x00000000   Number         0  stubs.o ABSOLUTE
    _printf_wc                               0x00000000   Number         0  stubs.o ABSOLUTE
    _printf_wctomb                           0x00000000   Number         0  stubs.o ABSOLUTE
    _printf_widthprec                        0x00000000   Number         0  stubs.o ABSOLUTE
    _printf_x                                0x00000000   Number         0  stubs.o ABSOLUTE
    __arm_fini_                               - Undefined Weak Reference
    __cpp_initialize__aeabi_                  - Undefined Weak Reference
    __cxa_finalize                            - Undefined Weak Reference
    __decompress                              - Undefined Weak Reference
    _clock_init                               - Undefined Weak Reference
    _microlib_exit                            - Undefined Weak Reference
    __Vectors_Size                           0x00000130   Number         0  startup_stm32f103xe.o ABSOLUTE
    __Vectors                                0x08000000   Data           4  startup_stm32f103xe.o(RESET)
    __Vectors_End                            0x08000130   Data           0  startup_stm32f103xe.o(RESET)
    __main                                   0x08000131   Thumb Code     0  entry.o(.ARM.Collect$$$$00000000)
    _main_stk                                0x08000131   Thumb Code     0  entry2.o(.ARM.Collect$$$$00000001)
    _main_scatterload                        0x08000135   Thumb Code     0  entry5.o(.ARM.Collect$$$$00000004)
    __main_after_scatterload                 0x08000139   Thumb Code     0  entry5.o(.ARM.Collect$$$$00000004)
    _main_clock                              0x08000139   Thumb Code     0  entry7b.o(.ARM.Collect$$$$00000008)
    _main_cpp_init                           0x08000139   Thumb Code     0  entry8b.o(.ARM.Collect$$$$0000000A)
    _main_init                               0x08000139   Thumb Code     0  entry9a.o(.ARM.Collect$$$$0000000B)
    __rt_lib_shutdown_fini                   0x08000141   Thumb Code     0  entry12b.o(.ARM.Collect$$$$0000000E)
    __rt_final_cpp                           0x08000145   Thumb Code     0  entry10a.o(.ARM.Collect$$$$0000000F)
    __rt_final_exit                          0x08000145   Thumb Code     0  entry11a.o(.ARM.Collect$$$$00000011)
    Reset_Handler                            0x08000149   Thumb Code     8  startup_stm32f103xe.o(.text)
    ADC1_2_IRQHandler                        0x08000163   Thumb Code     0  startup_stm32f103xe.o(.text)
    ADC3_IRQHandler                          0x08000163   Thumb Code     0  startup_stm32f103xe.o(.text)
    CAN1_RX1_IRQHandler                      0x08000163   Thumb Code     0  startup_stm32f103xe.o(.text)
    CAN1_SCE_IRQHandler                      0x08000163   Thumb Code     0  startup_stm32f103xe.o(.text)
    DMA1_Channel1_IRQHandler                 0x08000163   Thumb Code     0  startup_stm32f103xe.o(.text)
    DMA1_Channel6_IRQHandler                 0x08000163   Thumb Code     0  startup_stm32f103xe.o(.text)
    DMA1_Channel7_IRQHandler                 0x08000163   Thumb Code     0  startup_stm32f103xe.o(.text)
    DMA2_Channel1_IRQHandler                 0x08000163   Thumb Code     0  startup_stm32f103xe.o(.text)
    DMA2_Channel2_IRQHandler                 0x08000163   Thumb Code     0  startup_stm32f103xe.o(.text)
    DMA2_Channel3_IRQHandler                 0x08000163   Thumb Code     0  startup_stm32f103xe.o(.text)
    DMA2_Channel4_5_IRQHandler               0x08000163   Thumb Code     0  startup_stm32f103xe.o(.text)
    EXTI0_IRQHandler                         0x08000163   Thumb Code     0  startup_stm32f103xe.o(.text)
    EXTI15_10_IRQHandler                     0x08000163   Thumb Code     0  startup_stm32f103xe.o(.text)
    EXTI1_IRQHandler                         0x08000163   Thumb Code     0  startup_stm32f103xe.o(.text)
    EXTI2_IRQHandler                         0x08000163   Thumb Code     0  startup_stm32f103xe.o(.text)
    EXTI3_IRQHandler                         0x08000163   Thumb Code     0  startup_stm32f103xe.o(.text)
    EXTI4_IRQHandler                         0x08000163   Thumb Code     0  startup_stm32f103xe.o(.text)
    EXTI9_5_IRQHandler                       0x08000163   Thumb Code     0  startup_stm32f103xe.o(.text)
    FLASH_IRQHandler                         0x08000163   Thumb Code     0  startup_stm32f103xe.o(.text)
    FSMC_IRQHandler                          0x08000163   Thumb Code     0  startup_stm32f103xe.o(.text)
    I2C1_ER_IRQHandler                       0x08000163   Thumb Code     0  startup_stm32f103xe.o(.text)
    I2C1_EV_IRQHandler                       0x08000163   Thumb Code     0  startup_stm32f103xe.o(.text)
    I2C2_ER_IRQHandler                       0x08000163   Thumb Code     0  startup_stm32f103xe.o(.text)
    I2C2_EV_IRQHandler                       0x08000163   Thumb Code     0  startup_stm32f103xe.o(.text)
    PVD_IRQHandler                           0x08000163   Thumb Code     0  startup_stm32f103xe.o(.text)
    RCC_IRQHandler                           0x08000163   Thumb Code     0  startup_stm32f103xe.o(.text)
    RTC_Alarm_IRQHandler                     0x08000163   Thumb Code     0  startup_stm32f103xe.o(.text)
    RTC_IRQHandler                           0x08000163   Thumb Code     0  startup_stm32f103xe.o(.text)
    SDIO_IRQHandler                          0x08000163   Thumb Code     0  startup_stm32f103xe.o(.text)
    SPI2_IRQHandler                          0x08000163   Thumb Code     0  startup_stm32f103xe.o(.text)
    SPI3_IRQHandler                          0x08000163   Thumb Code     0  startup_stm32f103xe.o(.text)
    TAMPER_IRQHandler                        0x08000163   Thumb Code     0  startup_stm32f103xe.o(.text)
    TIM1_BRK_IRQHandler                      0x08000163   Thumb Code     0  startup_stm32f103xe.o(.text)
    TIM1_CC_IRQHandler                       0x08000163   Thumb Code     0  startup_stm32f103xe.o(.text)
    TIM1_TRG_COM_IRQHandler                  0x08000163   Thumb Code     0  startup_stm32f103xe.o(.text)
    TIM1_UP_IRQHandler                       0x08000163   Thumb Code     0  startup_stm32f103xe.o(.text)
    TIM2_IRQHandler                          0x08000163   Thumb Code     0  startup_stm32f103xe.o(.text)
    TIM3_IRQHandler                          0x08000163   Thumb Code     0  startup_stm32f103xe.o(.text)
    TIM4_IRQHandler                          0x08000163   Thumb Code     0  startup_stm32f103xe.o(.text)
    TIM5_IRQHandler                          0x08000163   Thumb Code     0  startup_stm32f103xe.o(.text)
    TIM6_IRQHandler                          0x08000163   Thumb Code     0  startup_stm32f103xe.o(.text)
    TIM7_IRQHandler                          0x08000163   Thumb Code     0  startup_stm32f103xe.o(.text)
    TIM8_BRK_IRQHandler                      0x08000163   Thumb Code     0  startup_stm32f103xe.o(.text)
    TIM8_CC_IRQHandler                       0x08000163   Thumb Code     0  startup_stm32f103xe.o(.text)
    TIM8_TRG_COM_IRQHandler                  0x08000163   Thumb Code     0  startup_stm32f103xe.o(.text)
    TIM8_UP_IRQHandler                       0x08000163   Thumb Code     0  startup_stm32f103xe.o(.text)
    UART4_IRQHandler                         0x08000163   Thumb Code     0  startup_stm32f103xe.o(.text)
    UART5_IRQHandler                         0x08000163   Thumb Code     0  startup_stm32f103xe.o(.text)
    USART2_IRQHandler                        0x08000163   Thumb Code     0  startup_stm32f103xe.o(.text)
    USART3_IRQHandler                        0x08000163   Thumb Code     0  startup_stm32f103xe.o(.text)
    USBWakeUp_IRQHandler                     0x08000163   Thumb Code     0  startup_stm32f103xe.o(.text)
    USB_HP_CAN1_TX_IRQHandler                0x08000163   Thumb Code     0  startup_stm32f103xe.o(.text)
    USB_LP_CAN1_RX0_IRQHandler               0x08000163   Thumb Code     0  startup_stm32f103xe.o(.text)
    WWDG_IRQHandler                          0x08000163   Thumb Code     0  startup_stm32f103xe.o(.text)
    __aeabi_memset                           0x0800016d   Thumb Code    14  memseta.o(.text)
    __aeabi_memset4                          0x0800016d   Thumb Code     0  memseta.o(.text)
    __aeabi_memset8                          0x0800016d   Thumb Code     0  memseta.o(.text)
    __aeabi_memclr                           0x0800017b   Thumb Code     4  memseta.o(.text)
    __aeabi_memclr4                          0x0800017b   Thumb Code     0  memseta.o(.text)
    __aeabi_memclr8                          0x0800017b   Thumb Code     0  memseta.o(.text)
    _memset$wrapper                          0x0800017f   Thumb Code    18  memseta.o(.text)
    __aeabi_uidiv                            0x08000191   Thumb Code     0  uidiv.o(.text)
    __aeabi_uidivmod                         0x08000191   Thumb Code    44  uidiv.o(.text)
    __scatterload                            0x080001bd   Thumb Code    28  init.o(.text)
    __scatterload_rt2                        0x080001bd   Thumb Code     0  init.o(.text)
    BusFault_Handler                         0x080001e1   Thumb Code     2  stm32f1xx_it.o(i.BusFault_Handler)
    DMA1_Channel2_IRQHandler                 0x080001e5   Thumb Code     6  stm32f1xx_it.o(i.DMA1_Channel2_IRQHandler)
    DMA1_Channel3_IRQHandler                 0x080001f1   Thumb Code     6  stm32f1xx_it.o(i.DMA1_Channel3_IRQHandler)
    DMA1_Channel4_IRQHandler                 0x080001fd   Thumb Code     6  stm32f1xx_it.o(i.DMA1_Channel4_IRQHandler)
    DMA1_Channel5_IRQHandler                 0x08000209   Thumb Code     6  stm32f1xx_it.o(i.DMA1_Channel5_IRQHandler)
    DebugMon_Handler                         0x08000215   Thumb Code     2  stm32f1xx_it.o(i.DebugMon_Handler)
    Error_Handler                            0x08000217   Thumb Code     4  main.o(i.Error_Handler)
    HAL_DMA_Abort_IT                         0x0800021d   Thumb Code   296  stm32f1xx_hal_dma.o(i.HAL_DMA_Abort_IT)
    HAL_DMA_IRQHandler                       0x0800034d   Thumb Code   552  stm32f1xx_hal_dma.o(i.HAL_DMA_IRQHandler)
    HAL_DMA_Init                             0x08000595   Thumb Code   112  stm32f1xx_hal_dma.o(i.HAL_DMA_Init)
    HAL_Delay                                0x08000611   Thumb Code    32  stm32f1xx_hal.o(i.HAL_Delay)
    HAL_GPIO_Init                            0x08000635   Thumb Code   462  stm32f1xx_hal_gpio.o(i.HAL_GPIO_Init)
    HAL_GPIO_TogglePin                       0x0800082d   Thumb Code    16  stm32f1xx_hal_gpio.o(i.HAL_GPIO_TogglePin)
    HAL_GPIO_WritePin                        0x0800083d   Thumb Code    10  stm32f1xx_hal_gpio.o(i.HAL_GPIO_WritePin)
    HAL_GetTick                              0x08000849   Thumb Code     6  stm32f1xx_hal.o(i.HAL_GetTick)
    HAL_IncTick                              0x08000855   Thumb Code    12  stm32f1xx_hal.o(i.HAL_IncTick)
    HAL_Init                                 0x08000865   Thumb Code    32  stm32f1xx_hal.o(i.HAL_Init)
    HAL_InitTick                             0x08000889   Thumb Code    54  stm32f1xx_hal.o(i.HAL_InitTick)
    HAL_MspInit                              0x080008c9   Thumb Code    52  stm32f1xx_hal_msp.o(i.HAL_MspInit)
    HAL_NVIC_EnableIRQ                       0x08000905   Thumb Code    26  stm32f1xx_hal_cortex.o(i.HAL_NVIC_EnableIRQ)
    HAL_NVIC_SetPriority                     0x08000921   Thumb Code    60  stm32f1xx_hal_cortex.o(i.HAL_NVIC_SetPriority)
    HAL_NVIC_SetPriorityGrouping             0x08000961   Thumb Code    26  stm32f1xx_hal_cortex.o(i.HAL_NVIC_SetPriorityGrouping)
    HAL_RCC_CSSCallback                      0x08000985   Thumb Code     2  stm32f1xx_hal_rcc.o(i.HAL_RCC_CSSCallback)
    HAL_RCC_ClockConfig                      0x08000989   Thumb Code   280  stm32f1xx_hal_rcc.o(i.HAL_RCC_ClockConfig)
    HAL_RCC_EnableCSS                        0x08000ab5   Thumb Code     8  stm32f1xx_hal_rcc.o(i.HAL_RCC_EnableCSS)
    HAL_RCC_GetPCLK1Freq                     0x08000ac1   Thumb Code    20  stm32f1xx_hal_rcc.o(i.HAL_RCC_GetPCLK1Freq)
    HAL_RCC_GetPCLK2Freq                     0x08000ae1   Thumb Code    20  stm32f1xx_hal_rcc.o(i.HAL_RCC_GetPCLK2Freq)
    HAL_RCC_GetSysClockFreq                  0x08000b01   Thumb Code    74  stm32f1xx_hal_rcc.o(i.HAL_RCC_GetSysClockFreq)
    HAL_RCC_NMI_IRQHandler                   0x08000b6d   Thumb Code    20  stm32f1xx_hal_rcc.o(i.HAL_RCC_NMI_IRQHandler)
    HAL_RCC_OscConfig                        0x08000b85   Thumb Code   778  stm32f1xx_hal_rcc.o(i.HAL_RCC_OscConfig)
    HAL_SPI_ErrorCallback                    0x08000ea5   Thumb Code     2  stm32f1xx_hal_spi.o(i.HAL_SPI_ErrorCallback)
    HAL_SPI_IRQHandler                       0x08000ea9   Thumb Code   220  stm32f1xx_hal_spi.o(i.HAL_SPI_IRQHandler)
    HAL_SPI_Init                             0x08000f89   Thumb Code   178  stm32f1xx_hal_spi.o(i.HAL_SPI_Init)
    HAL_SPI_MspInit                          0x0800103d   Thumb Code   196  spi.o(i.HAL_SPI_MspInit)
    HAL_SPI_Transmit                         0x08001115   Thumb Code   358  stm32f1xx_hal_spi.o(i.HAL_SPI_Transmit)
    HAL_SYSTICK_Config                       0x0800127b   Thumb Code    40  stm32f1xx_hal_cortex.o(i.HAL_SYSTICK_Config)
    HAL_UART_ErrorCallback                   0x080012a3   Thumb Code     2  stm32f1xx_hal_uart.o(i.HAL_UART_ErrorCallback)
    HAL_UART_IRQHandler                      0x080012a5   Thumb Code   344  stm32f1xx_hal_uart.o(i.HAL_UART_IRQHandler)
    HAL_UART_Init                            0x08001401   Thumb Code    98  stm32f1xx_hal_uart.o(i.HAL_UART_Init)
    HAL_UART_MspInit                         0x08001465   Thumb Code   198  usart.o(i.HAL_UART_MspInit)
    HAL_UART_Receive_IT                      0x08001541   Thumb Code    82  stm32f1xx_hal_uart.o(i.HAL_UART_Receive_IT)
    HAL_UART_RxCpltCallback                  0x08001595   Thumb Code    88  main.o(i.HAL_UART_RxCpltCallback)
    HAL_UART_Transmit_IT                     0x08001609   Thumb Code    62  stm32f1xx_hal_uart.o(i.HAL_UART_Transmit_IT)
    HAL_UART_TxCpltCallback                  0x08001647   Thumb Code     2  stm32f1xx_hal_uart.o(i.HAL_UART_TxCpltCallback)
    HardFault_Handler                        0x08001649   Thumb Code     2  stm32f1xx_it.o(i.HardFault_Handler)
    MX_DMA_Init                              0x0800164d   Thumb Code    88  dma.o(i.MX_DMA_Init)
    MX_GPIO_Init                             0x080016a9   Thumb Code   142  gpio.o(i.MX_GPIO_Init)
    MX_SPI1_Init                             0x08001745   Thumb Code    62  spi.o(i.MX_SPI1_Init)
    MX_USART1_UART_Init                      0x0800178d   Thumb Code    46  usart.o(i.MX_USART1_UART_Init)
    MemManage_Handler                        0x080017c9   Thumb Code     2  stm32f1xx_it.o(i.MemManage_Handler)
    NMI_Handler                              0x080017cb   Thumb Code     6  stm32f1xx_it.o(i.NMI_Handler)
    PendSV_Handler                           0x080017d1   Thumb Code     2  stm32f1xx_it.o(i.PendSV_Handler)
    SPI1_IRQHandler                          0x080017d5   Thumb Code     6  stm32f1xx_it.o(i.SPI1_IRQHandler)
    SVC_Handler                              0x080018c9   Thumb Code     2  stm32f1xx_it.o(i.SVC_Handler)
    SysTick_Handler                          0x080018cb   Thumb Code     4  stm32f1xx_it.o(i.SysTick_Handler)
    SystemClock_Config                       0x080018cf   Thumb Code    96  main.o(i.SystemClock_Config)
    SystemInit                               0x0800192f   Thumb Code     2  system_stm32f1xx.o(i.SystemInit)
    USART1_IRQHandler                        0x08001aa1   Thumb Code     6  stm32f1xx_it.o(i.USART1_IRQHandler)
    UsageFault_Handler                       0x08001aad   Thumb Code     2  stm32f1xx_it.o(i.UsageFault_Handler)
    __0sprintf$6                             0x08001ab1   Thumb Code    34  printf6.o(i.__0sprintf$6)
    __1sprintf$6                             0x08001ab1   Thumb Code     0  printf6.o(i.__0sprintf$6)
    __2sprintf                               0x08001ab1   Thumb Code     0  printf6.o(i.__0sprintf$6)
    __scatterload_copy                       0x08001af9   Thumb Code    14  handlers.o(i.__scatterload_copy)
    __scatterload_null                       0x08001b07   Thumb Code     2  handlers.o(i.__scatterload_null)
    __scatterload_zeroinit                   0x08001b09   Thumb Code    14  handlers.o(i.__scatterload_zeroinit)
    main                                     0x08001e65   Thumb Code    70  main.o(i.main)
    u8g2_ClearBuffer                         0x08001ec5   Thumb Code    18  u8g2_buffer.o(i.u8g2_ClearBuffer)
    u8g2_DrawHVLine                          0x08001ed9   Thumb Code   172  u8g2_hvline.o(i.u8g2_DrawHVLine)
    u8g2_DrawHXBM                            0x08001f85   Thumb Code   148  u8g2_bitmap.o(i.u8g2_DrawHXBM)
    u8g2_DrawXBM                             0x08002019   Thumb Code    76  u8g2_bitmap.o(i.u8g2_DrawXBM)
    u8g2_IsIntersection                      0x08002065   Thumb Code    48  u8g2_intersection.o(i.u8g2_IsIntersection)
    u8g2_NextPage                            0x08002095   Thumb Code    62  u8g2_buffer.o(i.u8g2_NextPage)
    u8g2_SetBufferCurrTileRow                0x080020d3   Thumb Code    28  u8g2_buffer.o(i.u8g2_SetBufferCurrTileRow)
    u8g2_SetFontPosBaseline                  0x080020f1   Thumb Code     6  u8g2_font.o(i.u8g2_SetFontPosBaseline)
    u8g2_SetMaxClipWindow                    0x080020fd   Thumb Code    28  u8g2_setup.o(i.u8g2_SetMaxClipWindow)
    u8g2_SetupBuffer                         0x08002119   Thumb Code    66  u8g2_setup.o(i.u8g2_SetupBuffer)
    u8g2_Setup_ssd1306_128x64_noname_f       0x0800215d   Thumb Code    42  u8g2_d_setup.o(i.u8g2_Setup_ssd1306_128x64_noname_f)
    u8g2_draw_hv_line_2dir                   0x0800223f   Thumb Code    18  u8g2_hvline.o(i.u8g2_draw_hv_line_2dir)
    u8g2_draw_l90_r0                         0x08002251   Thumb Code    12  u8g2_setup.o(i.u8g2_draw_l90_r0)
    u8g2_font_calc_vref_font                 0x0800225d   Thumb Code     4  u8g2_font.o(i.u8g2_font_calc_vref_font)
    u8g2_is_intersection_decision_tree       0x08002261   Thumb Code    24  u8g2_intersection.o(i.u8g2_is_intersection_decision_tree)
    u8g2_ll_hvline_vertical_top_lsb          0x08002279   Thumb Code   144  u8g2_ll_hvline.o(i.u8g2_ll_hvline_vertical_top_lsb)
    u8g2_m_16_8_f                            0x08002309   Thumb Code     8  u8g2_d_memory.o(i.u8g2_m_16_8_f)
    u8g2_update_dimension_r0                 0x080023a9   Thumb Code     4  u8g2_setup.o(i.u8g2_update_dimension_r0)
    u8g2_update_page_win_r0                  0x080023ad   Thumb Code    34  u8g2_setup.o(i.u8g2_update_page_win_r0)
    u8x8_DrawTile                            0x080023cf   Thumb Code    30  u8x8_display.o(i.u8x8_DrawTile)
    u8x8_InitDisplay                         0x080023ed   Thumb Code    16  u8x8_display.o(i.u8x8_InitDisplay)
    u8x8_RefreshDisplay                      0x080023fd   Thumb Code    16  u8x8_display.o(i.u8x8_RefreshDisplay)
    u8x8_SetPowerSave                        0x0800240d   Thumb Code    16  u8x8_display.o(i.u8x8_SetPowerSave)
    u8x8_Setup                               0x0800241d   Thumb Code    34  u8x8_setup.o(i.u8x8_Setup)
    u8x8_SetupDefaults                       0x08002441   Thumb Code    32  u8x8_setup.o(i.u8x8_SetupDefaults)
    u8x8_SetupMemory                         0x08002465   Thumb Code    16  u8x8_display.o(i.u8x8_SetupMemory)
    u8x8_byte_SendByte                       0x08002475   Thumb Code    14  u8x8_byte.o(i.u8x8_byte_SendByte)
    u8x8_byte_SetDC                          0x08002483   Thumb Code    16  u8x8_byte.o(i.u8x8_byte_SetDC)
    u8x8_byte_arduino_hw_spi                 0x08002495   Thumb Code   136  main.o(i.u8x8_byte_arduino_hw_spi)
    u8x8_cad_001                             0x08002521   Thumb Code    82  u8x8_cad.o(i.u8x8_cad_001)
    u8x8_cad_EndTransfer                     0x08002573   Thumb Code    16  u8x8_cad.o(i.u8x8_cad_EndTransfer)
    u8x8_cad_SendArg                         0x08002583   Thumb Code    16  u8x8_cad.o(i.u8x8_cad_SendArg)
    u8x8_cad_SendCmd                         0x08002593   Thumb Code    16  u8x8_cad.o(i.u8x8_cad_SendCmd)
    u8x8_cad_SendData                        0x080025a3   Thumb Code    16  u8x8_cad.o(i.u8x8_cad_SendData)
    u8x8_cad_SendSequence                    0x080025b5   Thumb Code   104  u8x8_cad.o(i.u8x8_cad_SendSequence)
    u8x8_cad_StartTransfer                   0x0800261d   Thumb Code    16  u8x8_cad.o(i.u8x8_cad_StartTransfer)
    u8x8_d_helper_display_init               0x0800262d   Thumb Code    96  u8x8_display.o(i.u8x8_d_helper_display_init)
    u8x8_d_helper_display_setup_memory       0x0800268d   Thumb Code    10  u8x8_display.o(i.u8x8_d_helper_display_setup_memory)
    u8x8_d_ssd1306_128x64_noname             0x08002699   Thumb Code    54  u8x8_d_ssd1306_128x64_noname.o(i.u8x8_d_ssd1306_128x64_noname)
    u8x8_dummy_cb                            0x0800279d   Thumb Code     4  u8x8_setup.o(i.u8x8_dummy_cb)
    u8x8_gpio_and_delay_template             0x080027a1   Thumb Code   122  main.o(i.u8x8_gpio_and_delay_template)
    u8x8_gpio_call                           0x08002821   Thumb Code    12  u8x8_gpio.o(i.u8x8_gpio_call)
    AHBPrescTable                            0x0800282c   Data          16  system_stm32f1xx.o(.constdata)
    APBPrescTable                            0x0800283c   Data           8  system_stm32f1xx.o(.constdata)
    u8g2_cb_r0                               0x08002844   Data          12  u8g2_setup.o(.constdata)
    Region$$Table$$Base                      0x08002964   Number         0  anon$$obj.o(Region$$Table)
    Region$$Table$$Limit                     0x08002984   Number         0  anon$$obj.o(Region$$Table)
    uwTickFreq                               0x20000000   Data           1  stm32f1xx_hal.o(.data)
    uwTickPrio                               0x20000004   Data           4  stm32f1xx_hal.o(.data)
    uwTick                                   0x20000008   Data           4  stm32f1xx_hal.o(.data)
    SystemCoreClock                          0x2000000c   Data           4  system_stm32f1xx.o(.data)
    u_buf                                    0x20000010   Data         256  main.o(.bss)
    buff                                     0x20000110   Data         600  main.o(.bss)
    u8g2                                     0x20000368   Data         148  main.o(.bss)
    hspi1                                    0x200003fc   Data          88  spi.o(.bss)
    hdma_spi1_rx                             0x20000454   Data          68  spi.o(.bss)
    hdma_spi1_tx                             0x20000498   Data          68  spi.o(.bss)
    huart1                                   0x200004dc   Data          64  usart.o(.bss)
    hdma_usart1_rx                           0x2000051c   Data          68  usart.o(.bss)
    hdma_usart1_tx                           0x20000560   Data          68  usart.o(.bss)
    __initial_sp                             0x20000da8   Data           0  startup_stm32f103xe.o(STACK)



==============================================================================

Memory Map of the image

  Image Entry point : 0x08000131

  Load Region LR_IROM1 (Base: 0x08000000, Size: 0x00002994, Max: 0x00040000, ABSOLUTE)

    Execution Region ER_IROM1 (Exec base: 0x08000000, Load base: 0x08000000, Size: 0x00002984, Max: 0x00040000, ABSOLUTE)

    Exec Addr    Load Addr    Size         Type   Attr      Idx    E Section Name        Object

    0x08000000   0x08000000   0x00000130   Data   RO            3    RESET               startup_stm32f103xe.o
    0x08000130   0x08000130   0x00000000   Code   RO         7524  * .ARM.Collect$$$$00000000  mc_w.l(entry.o)
    0x08000130   0x08000130   0x00000004   Code   RO         7792    .ARM.Collect$$$$00000001  mc_w.l(entry2.o)
    0x08000134   0x08000134   0x00000004   Code   RO         7795    .ARM.Collect$$$$00000004  mc_w.l(entry5.o)
    0x08000138   0x08000138   0x00000000   Code   RO         7797    .ARM.Collect$$$$00000008  mc_w.l(entry7b.o)
    0x08000138   0x08000138   0x00000000   Code   RO         7799    .ARM.Collect$$$$0000000A  mc_w.l(entry8b.o)
    0x08000138   0x08000138   0x00000008   Code   RO         7800    .ARM.Collect$$$$0000000B  mc_w.l(entry9a.o)
    0x08000140   0x08000140   0x00000004   Code   RO         7807    .ARM.Collect$$$$0000000E  mc_w.l(entry12b.o)
    0x08000144   0x08000144   0x00000000   Code   RO         7802    .ARM.Collect$$$$0000000F  mc_w.l(entry10a.o)
    0x08000144   0x08000144   0x00000000   Code   RO         7804    .ARM.Collect$$$$00000011  mc_w.l(entry11a.o)
    0x08000144   0x08000144   0x00000004   Code   RO         7793    .ARM.Collect$$$$00002712  mc_w.l(entry2.o)
    0x08000148   0x08000148   0x00000024   Code   RO            4    .text               startup_stm32f103xe.o
    0x0800016c   0x0800016c   0x00000024   Code   RO         7529    .text               mc_w.l(memseta.o)
    0x08000190   0x08000190   0x0000002c   Code   RO         7811    .text               mc_w.l(uidiv.o)
    0x080001bc   0x080001bc   0x00000024   Code   RO         7826    .text               mc_w.l(init.o)
    0x080001e0   0x080001e0   0x00000002   Code   RO          322    i.BusFault_Handler  stm32f1xx_it.o
    0x080001e2   0x080001e2   0x00000002   PAD
    0x080001e4   0x080001e4   0x0000000c   Code   RO          323    i.DMA1_Channel2_IRQHandler  stm32f1xx_it.o
    0x080001f0   0x080001f0   0x0000000c   Code   RO          324    i.DMA1_Channel3_IRQHandler  stm32f1xx_it.o
    0x080001fc   0x080001fc   0x0000000c   Code   RO          325    i.DMA1_Channel4_IRQHandler  stm32f1xx_it.o
    0x08000208   0x08000208   0x0000000c   Code   RO          326    i.DMA1_Channel5_IRQHandler  stm32f1xx_it.o
    0x08000214   0x08000214   0x00000002   Code   RO          327    i.DebugMon_Handler  stm32f1xx_it.o
    0x08000216   0x08000216   0x00000004   Code   RO           13    i.Error_Handler     main.o
    0x0800021a   0x0800021a   0x00000002   PAD
    0x0800021c   0x0800021c   0x00000130   Code   RO         1196    i.HAL_DMA_Abort_IT  stm32f1xx_hal_dma.o
    0x0800034c   0x0800034c   0x00000248   Code   RO         1200    i.HAL_DMA_IRQHandler  stm32f1xx_hal_dma.o
    0x08000594   0x08000594   0x0000007c   Code   RO         1201    i.HAL_DMA_Init      stm32f1xx_hal_dma.o
    0x08000610   0x08000610   0x00000024   Code   RO          823    i.HAL_Delay         stm32f1xx_hal.o
    0x08000634   0x08000634   0x000001f8   Code   RO         1131    i.HAL_GPIO_Init     stm32f1xx_hal_gpio.o
    0x0800082c   0x0800082c   0x00000010   Code   RO         1134    i.HAL_GPIO_TogglePin  stm32f1xx_hal_gpio.o
    0x0800083c   0x0800083c   0x0000000a   Code   RO         1135    i.HAL_GPIO_WritePin  stm32f1xx_hal_gpio.o
    0x08000846   0x08000846   0x00000002   PAD
    0x08000848   0x08000848   0x0000000c   Code   RO          827    i.HAL_GetTick       stm32f1xx_hal.o
    0x08000854   0x08000854   0x00000010   Code   RO          833    i.HAL_IncTick       stm32f1xx_hal.o
    0x08000864   0x08000864   0x00000024   Code   RO          834    i.HAL_Init          stm32f1xx_hal.o
    0x08000888   0x08000888   0x00000040   Code   RO          835    i.HAL_InitTick      stm32f1xx_hal.o
    0x080008c8   0x080008c8   0x0000003c   Code   RO          434    i.HAL_MspInit       stm32f1xx_hal_msp.o
    0x08000904   0x08000904   0x0000001a   Code   RO         1291    i.HAL_NVIC_EnableIRQ  stm32f1xx_hal_cortex.o
    0x0800091e   0x0800091e   0x00000002   PAD
    0x08000920   0x08000920   0x00000040   Code   RO         1297    i.HAL_NVIC_SetPriority  stm32f1xx_hal_cortex.o
    0x08000960   0x08000960   0x00000024   Code   RO         1298    i.HAL_NVIC_SetPriorityGrouping  stm32f1xx_hal_cortex.o
    0x08000984   0x08000984   0x00000002   Code   RO          990    i.HAL_RCC_CSSCallback  stm32f1xx_hal_rcc.o
    0x08000986   0x08000986   0x00000002   PAD
    0x08000988   0x08000988   0x0000012c   Code   RO          991    i.HAL_RCC_ClockConfig  stm32f1xx_hal_rcc.o
    0x08000ab4   0x08000ab4   0x0000000c   Code   RO          994    i.HAL_RCC_EnableCSS  stm32f1xx_hal_rcc.o
    0x08000ac0   0x08000ac0   0x00000020   Code   RO          998    i.HAL_RCC_GetPCLK1Freq  stm32f1xx_hal_rcc.o
    0x08000ae0   0x08000ae0   0x00000020   Code   RO          999    i.HAL_RCC_GetPCLK2Freq  stm32f1xx_hal_rcc.o
    0x08000b00   0x08000b00   0x0000006c   Code   RO         1000    i.HAL_RCC_GetSysClockFreq  stm32f1xx_hal_rcc.o
    0x08000b6c   0x08000b6c   0x00000018   Code   RO         1002    i.HAL_RCC_NMI_IRQHandler  stm32f1xx_hal_rcc.o
    0x08000b84   0x08000b84   0x00000320   Code   RO         1003    i.HAL_RCC_OscConfig  stm32f1xx_hal_rcc.o
    0x08000ea4   0x08000ea4   0x00000002   Code   RO          501    i.HAL_SPI_ErrorCallback  stm32f1xx_hal_spi.o
    0x08000ea6   0x08000ea6   0x00000002   PAD
    0x08000ea8   0x08000ea8   0x000000e0   Code   RO          504    i.HAL_SPI_IRQHandler  stm32f1xx_hal_spi.o
    0x08000f88   0x08000f88   0x000000b2   Code   RO          505    i.HAL_SPI_Init      stm32f1xx_hal_spi.o
    0x0800103a   0x0800103a   0x00000002   PAD
    0x0800103c   0x0800103c   0x000000d8   Code   RO          239    i.HAL_SPI_MspInit   spi.o
    0x08001114   0x08001114   0x00000166   Code   RO          513    i.HAL_SPI_Transmit  stm32f1xx_hal_spi.o
    0x0800127a   0x0800127a   0x00000028   Code   RO         1302    i.HAL_SYSTICK_Config  stm32f1xx_hal_cortex.o
    0x080012a2   0x080012a2   0x00000002   Code   RO         1848    i.HAL_UART_ErrorCallback  stm32f1xx_hal_uart.o
    0x080012a4   0x080012a4   0x0000015c   Code   RO         1851    i.HAL_UART_IRQHandler  stm32f1xx_hal_uart.o
    0x08001400   0x08001400   0x00000062   Code   RO         1852    i.HAL_UART_Init     stm32f1xx_hal_uart.o
    0x08001462   0x08001462   0x00000002   PAD
    0x08001464   0x08001464   0x000000dc   Code   RO          281    i.HAL_UART_MspInit  usart.o
    0x08001540   0x08001540   0x00000052   Code   RO         1857    i.HAL_UART_Receive_IT  stm32f1xx_hal_uart.o
    0x08001592   0x08001592   0x00000002   PAD
    0x08001594   0x08001594   0x00000074   Code   RO           14    i.HAL_UART_RxCpltCallback  main.o
    0x08001608   0x08001608   0x0000003e   Code   RO         1862    i.HAL_UART_Transmit_IT  stm32f1xx_hal_uart.o
    0x08001646   0x08001646   0x00000002   Code   RO         1863    i.HAL_UART_TxCpltCallback  stm32f1xx_hal_uart.o
    0x08001648   0x08001648   0x00000002   Code   RO          328    i.HardFault_Handler  stm32f1xx_it.o
    0x0800164a   0x0800164a   0x00000002   PAD
    0x0800164c   0x0800164c   0x0000005c   Code   RO          214    i.MX_DMA_Init       dma.o
    0x080016a8   0x080016a8   0x0000009c   Code   RO          190    i.MX_GPIO_Init      gpio.o
    0x08001744   0x08001744   0x00000048   Code   RO          240    i.MX_SPI1_Init      spi.o
    0x0800178c   0x0800178c   0x0000003c   Code   RO          282    i.MX_USART1_UART_Init  usart.o
    0x080017c8   0x080017c8   0x00000002   Code   RO          329    i.MemManage_Handler  stm32f1xx_it.o
    0x080017ca   0x080017ca   0x00000006   Code   RO          330    i.NMI_Handler       stm32f1xx_it.o
    0x080017d0   0x080017d0   0x00000002   Code   RO          331    i.PendSV_Handler    stm32f1xx_it.o
    0x080017d2   0x080017d2   0x00000002   PAD
    0x080017d4   0x080017d4   0x0000000c   Code   RO          332    i.SPI1_IRQHandler   stm32f1xx_it.o
    0x080017e0   0x080017e0   0x00000010   Code   RO          532    i.SPI_DMAAbortOnError  stm32f1xx_hal_spi.o
    0x080017f0   0x080017f0   0x00000020   Code   RO          543    i.SPI_EndRxTxTransaction  stm32f1xx_hal_spi.o
    0x08001810   0x08001810   0x000000b8   Code   RO          548    i.SPI_WaitFlagStateUntilTimeout  stm32f1xx_hal_spi.o
    0x080018c8   0x080018c8   0x00000002   Code   RO          333    i.SVC_Handler       stm32f1xx_it.o
    0x080018ca   0x080018ca   0x00000004   Code   RO          334    i.SysTick_Handler   stm32f1xx_it.o
    0x080018ce   0x080018ce   0x00000060   Code   RO           15    i.SystemClock_Config  main.o
    0x0800192e   0x0800192e   0x00000002   Code   RO         2149    i.SystemInit        system_stm32f1xx.o
    0x08001930   0x08001930   0x00000010   Code   RO         1865    i.UART_DMAAbortOnError  stm32f1xx_hal_uart.o
    0x08001940   0x08001940   0x0000001c   Code   RO         1875    i.UART_EndRxTransfer  stm32f1xx_hal_uart.o
    0x0800195c   0x0800195c   0x0000008c   Code   RO         1877    i.UART_Receive_IT   stm32f1xx_hal_uart.o
    0x080019e8   0x080019e8   0x000000b8   Code   RO         1878    i.UART_SetConfig    stm32f1xx_hal_uart.o
    0x08001aa0   0x08001aa0   0x0000000c   Code   RO          335    i.USART1_IRQHandler  stm32f1xx_it.o
    0x08001aac   0x08001aac   0x00000002   Code   RO          336    i.UsageFault_Handler  stm32f1xx_it.o
    0x08001aae   0x08001aae   0x00000002   PAD
    0x08001ab0   0x08001ab0   0x00000028   Code   RO         7688    i.__0sprintf$6      mc_w.l(printf6.o)
    0x08001ad8   0x08001ad8   0x00000020   Code   RO         1304    i.__NVIC_SetPriority  stm32f1xx_hal_cortex.o
    0x08001af8   0x08001af8   0x0000000e   Code   RO         7838    i.__scatterload_copy  mc_w.l(handlers.o)
    0x08001b06   0x08001b06   0x00000002   Code   RO         7839    i.__scatterload_null  mc_w.l(handlers.o)
    0x08001b08   0x08001b08   0x0000000e   Code   RO         7840    i.__scatterload_zeroinit  mc_w.l(handlers.o)
    0x08001b16   0x08001b16   0x00000002   PAD
    0x08001b18   0x08001b18   0x000002f0   Code   RO         7693    i._printf_core      mc_w.l(printf6.o)
    0x08001e08   0x08001e08   0x00000024   Code   RO         7694    i._printf_post_padding  mc_w.l(printf6.o)
    0x08001e2c   0x08001e2c   0x0000002e   Code   RO         7695    i._printf_pre_padding  mc_w.l(printf6.o)
    0x08001e5a   0x08001e5a   0x0000000a   Code   RO         7697    i._sputc            mc_w.l(printf6.o)
    0x08001e64   0x08001e64   0x00000060   Code   RO           16    i.main              main.o
    0x08001ec4   0x08001ec4   0x00000012   Code   RO         2261    i.u8g2_ClearBuffer  u8g2_buffer.o
    0x08001ed6   0x08001ed6   0x00000002   PAD
    0x08001ed8   0x08001ed8   0x000000ac   Code   RO         4432    i.u8g2_DrawHVLine   u8g2_hvline.o
    0x08001f84   0x08001f84   0x00000094   Code   RO         2184    i.u8g2_DrawHXBM     u8g2_bitmap.o
    0x08002018   0x08002018   0x0000004c   Code   RO         2187    i.u8g2_DrawXBM      u8g2_bitmap.o
    0x08002064   0x08002064   0x00000030   Code   RO         4493    i.u8g2_IsIntersection  u8g2_intersection.o
    0x08002094   0x08002094   0x0000003e   Code   RO         2263    i.u8g2_NextPage     u8g2_buffer.o
    0x080020d2   0x080020d2   0x0000001c   Code   RO         2265    i.u8g2_SetBufferCurrTileRow  u8g2_buffer.o
    0x080020ee   0x080020ee   0x00000002   PAD
    0x080020f0   0x080020f0   0x0000000c   Code   RO         2472    i.u8g2_SetFontPosBaseline  u8g2_font.o
    0x080020fc   0x080020fc   0x0000001c   Code   RO         4681    i.u8g2_SetMaxClipWindow  u8g2_setup.o
    0x08002118   0x08002118   0x00000042   Code   RO         4682    i.u8g2_SetupBuffer  u8g2_setup.o
    0x0800215a   0x0800215a   0x00000002   PAD
    0x0800215c   0x0800215c   0x00000038   Code   RO         2432    i.u8g2_Setup_ssd1306_128x64_noname_f  u8g2_d_setup.o
    0x08002194   0x08002194   0x0000006e   Code   RO         4684    i.u8g2_apply_clip_window  u8g2_setup.o
    0x08002202   0x08002202   0x0000003c   Code   RO         4436    i.u8g2_clip_intersection2  u8g2_hvline.o
    0x0800223e   0x0800223e   0x00000012   Code   RO         4437    i.u8g2_draw_hv_line_2dir  u8g2_hvline.o
    0x08002250   0x08002250   0x0000000c   Code   RO         4686    i.u8g2_draw_l90_r0  u8g2_setup.o
    0x0800225c   0x0800225c   0x00000004   Code   RO         2486    i.u8g2_font_calc_vref_font  u8g2_font.o
    0x08002260   0x08002260   0x00000018   Code   RO         4494    i.u8g2_is_intersection_decision_tree  u8g2_intersection.o
    0x08002278   0x08002278   0x00000090   Code   RO         4542    i.u8g2_ll_hvline_vertical_top_lsb  u8g2_ll_hvline.o
    0x08002308   0x08002308   0x0000000c   Code   RO         2419    i.u8g2_m_16_8_f     u8g2_d_memory.o
    0x08002314   0x08002314   0x0000004e   Code   RO         2272    i.u8g2_send_buffer  u8g2_buffer.o
    0x08002362   0x08002362   0x00000046   Code   RO         4690    i.u8g2_update_dimension_common  u8g2_setup.o
    0x080023a8   0x080023a8   0x00000004   Code   RO         4691    i.u8g2_update_dimension_r0  u8g2_setup.o
    0x080023ac   0x080023ac   0x00000022   Code   RO         4695    i.u8g2_update_page_win_r0  u8g2_setup.o
    0x080023ce   0x080023ce   0x0000001e   Code   RO         7111    i.u8x8_DrawTile     u8x8_display.o
    0x080023ec   0x080023ec   0x00000010   Code   RO         7113    i.u8x8_InitDisplay  u8x8_display.o
    0x080023fc   0x080023fc   0x00000010   Code   RO         7114    i.u8x8_RefreshDisplay  u8x8_display.o
    0x0800240c   0x0800240c   0x00000010   Code   RO         7117    i.u8x8_SetPowerSave  u8x8_display.o
    0x0800241c   0x0800241c   0x00000022   Code   RO         7411    i.u8x8_Setup        u8x8_setup.o
    0x0800243e   0x0800243e   0x00000002   PAD
    0x08002440   0x08002440   0x00000024   Code   RO         7412    i.u8x8_SetupDefaults  u8x8_setup.o
    0x08002464   0x08002464   0x00000010   Code   RO         7118    i.u8x8_SetupMemory  u8x8_display.o
    0x08002474   0x08002474   0x0000000e   Code   RO         5095    i.u8x8_byte_SendByte  u8x8_byte.o
    0x08002482   0x08002482   0x00000010   Code   RO         5097    i.u8x8_byte_SetDC   u8x8_byte.o
    0x08002492   0x08002492   0x00000002   PAD
    0x08002494   0x08002494   0x0000008c   Code   RO           17    i.u8x8_byte_arduino_hw_spi  main.o
    0x08002520   0x08002520   0x00000052   Code   RO         5210    i.u8x8_cad_001      u8x8_cad.o
    0x08002572   0x08002572   0x00000010   Code   RO         5214    i.u8x8_cad_EndTransfer  u8x8_cad.o
    0x08002582   0x08002582   0x00000010   Code   RO         5215    i.u8x8_cad_SendArg  u8x8_cad.o
    0x08002592   0x08002592   0x00000010   Code   RO         5216    i.u8x8_cad_SendCmd  u8x8_cad.o
    0x080025a2   0x080025a2   0x00000010   Code   RO         5217    i.u8x8_cad_SendData  u8x8_cad.o
    0x080025b2   0x080025b2   0x00000002   PAD
    0x080025b4   0x080025b4   0x00000068   Code   RO         5219    i.u8x8_cad_SendSequence  u8x8_cad.o
    0x0800261c   0x0800261c   0x00000010   Code   RO         5220    i.u8x8_cad_StartTransfer  u8x8_cad.o
    0x0800262c   0x0800262c   0x00000060   Code   RO         7119    i.u8x8_d_helper_display_init  u8x8_display.o
    0x0800268c   0x0800268c   0x0000000a   Code   RO         7120    i.u8x8_d_helper_display_setup_memory  u8x8_display.o
    0x08002696   0x08002696   0x00000002   PAD
    0x08002698   0x08002698   0x0000003c   Code   RO         6039    i.u8x8_d_ssd1306_128x64_noname  u8x8_d_ssd1306_128x64_noname.o
    0x080026d4   0x080026d4   0x000000c8   Code   RO         6041    i.u8x8_d_ssd1306_sh1106_generic  u8x8_d_ssd1306_128x64_noname.o
    0x0800279c   0x0800279c   0x00000004   Code   RO         7414    i.u8x8_dummy_cb     u8x8_setup.o
    0x080027a0   0x080027a0   0x00000080   Code   RO           18    i.u8x8_gpio_and_delay_template  main.o
    0x08002820   0x08002820   0x0000000c   Code   RO         7333    i.u8x8_gpio_call    u8x8_gpio.o
    0x0800282c   0x0800282c   0x00000010   Data   RO         2150    .constdata          system_stm32f1xx.o
    0x0800283c   0x0800283c   0x00000008   Data   RO         2151    .constdata          system_stm32f1xx.o
    0x08002844   0x08002844   0x0000000c   Data   RO         4699    .constdata          u8g2_setup.o
    0x08002850   0x08002850   0x00000114   Data   RO         6042    .constdata          u8x8_d_ssd1306_128x64_noname.o
    0x08002964   0x08002964   0x00000020   Data   RO         7836    Region$$Table       anon$$obj.o


    Execution Region RW_IRAM1 (Exec base: 0x20000000, Load base: 0x08002984, Size: 0x00000da8, Max: 0x0000c000, ABSOLUTE)

    Exec Addr    Load Addr    Size         Type   Attr      Idx    E Section Name        Object

    0x20000000   0x08002984   0x0000000c   Data   RW          841    .data               stm32f1xx_hal.o
    0x2000000c   0x08002990   0x00000004   Data   RW         2152    .data               system_stm32f1xx.o
    0x20000010        -       0x000003ec   Zero   RW           19    .bss                main.o
    0x200003fc        -       0x000000e0   Zero   RW          241    .bss                spi.o
    0x200004dc        -       0x000000c8   Zero   RW          283    .bss                usart.o
    0x200005a4        -       0x00000400   Zero   RW         2420    .bss                u8g2_d_memory.o
    0x200009a4   0x08002994   0x00000004   PAD
    0x200009a8        -       0x00000400   Zero   RW            1    STACK               startup_stm32f103xe.o


==============================================================================

Image component sizes


      Code (inc. data)   RO Data    RW Data    ZI Data      Debug   Object Name

        92          4          0          0          0        758   dma.o
       156         14          0          0          0        907   gpio.o
       580        108          0          0       1004     602633   main.o
       288         30          0          0        224       1795   spi.o
        36          8        304          0       1024        800   startup_stm32f103xe.o
       164         28          0         12          0       6489   stm32f1xx_hal.o
       198         14          0          0          0      28947   stm32f1xx_hal_cortex.o
      1012         52          0          0          0       2847   stm32f1xx_hal_dma.o
       530         42          0          0          0       3509   stm32f1xx_hal_gpio.o
        60          8          0          0          0        842   stm32f1xx_hal_msp.o
      1310        108          0          0          0       6727   stm32f1xx_hal_rcc.o
       994          8          0          0          0       6443   stm32f1xx_hal_spi.o
       962         10          0          0          0       7626   stm32f1xx_hal_uart.o
        96         36          0          0          0       6392   stm32f1xx_it.o
         2          0         24          4          0       1087   system_stm32f1xx.o
       224          0          0          0          0       2083   u8g2_bitmap.o
       186          0          0          0          0       3085   u8g2_buffer.o
        12          4          0          0       1024        852   u8g2_d_memory.o
        56         14          0          0          0       1053   u8g2_d_setup.o
        16          6          0          0          0        993   u8g2_font.o
       250          0          0          0          0       2471   u8g2_hvline.o
        72          0          0          0          0       1895   u8g2_intersection.o
       144          0          0          0          0       1398   u8g2_ll_hvline.o
       324          0         12          0          0     126244   u8g2_setup.o
        30          0          0          0          0       1123   u8x8_byte.o
       266          6          0          0          0       4857   u8x8_cad.o
       260         10        276          0          0       2915   u8x8_d_ssd1306_128x64_noname.o
       200          0          0          0          0       4318   u8x8_display.o
        12          0          0          0          0        581   u8x8_gpio.o
        74          4          0          0          0       1734   u8x8_setup.o
       280         36          0          0        200       1832   usart.o

    ----------------------------------------------------------------------
      8924        550        648         16       3480     835236   Object Totals
         0          0         32          0          0          0   (incl. Generated)
        38          0          0          0          4          0   (incl. Padding)

    ----------------------------------------------------------------------

      Code (inc. data)   RO Data    RW Data    ZI Data      Debug   Library Member Name

         0          0          0          0          0          0   entry.o
         0          0          0          0          0          0   entry10a.o
         0          0          0          0          0          0   entry11a.o
         4          0          0          0          0          0   entry12b.o
         8          4          0          0          0          0   entry2.o
         4          0          0          0          0          0   entry5.o
         0          0          0          0          0          0   entry7b.o
         0          0          0          0          0          0   entry8b.o
         8          4          0          0          0          0   entry9a.o
        30          0          0          0          0          0   handlers.o
        36          8          0          0          0         68   init.o
        36          0          0          0          0        108   memseta.o
       884         10          0          0          0        420   printf6.o
        44          0          0          0          0         80   uidiv.o

    ----------------------------------------------------------------------
      1056         26          0          0          0        676   Library Totals
         2          0          0          0          0          0   (incl. Padding)

    ----------------------------------------------------------------------

      Code (inc. data)   RO Data    RW Data    ZI Data      Debug   Library Name

      1054         26          0          0          0        676   mc_w.l

    ----------------------------------------------------------------------
      1056         26          0          0          0        676   Library Totals

    ----------------------------------------------------------------------

==============================================================================


      Code (inc. data)   RO Data    RW Data    ZI Data      Debug   

      9980        576        648         16       3480     830084   Grand Totals
      9980        576        648         16       3480     830084   ELF Image Totals
      9980        576        648         16          0          0   ROM Totals

==============================================================================

    Total RO  Size (Code + RO Data)                10628 (  10.38kB)
    Total RW  Size (RW Data + ZI Data)              3496 (   3.41kB)
    Total ROM Size (Code + RO Data + RW Data)      10644 (  10.39kB)

==============================================================================

